Component: ARM Compiler 5.06 update 7 (build 960) Tool: armlink [4d3601]

==============================================================================

Section Cross References

    startup_acm32f0x0.o(RESET) refers to startup_acm32f0x0.o(STACK) for __initial_sp
    startup_acm32f0x0.o(RESET) refers to startup_acm32f0x0.o(.text) for Reset_Handler
    startup_acm32f0x0.o(RESET) refers to system_acm32f0x0.o(i.HardFault_Handler) for HardFault_Handler
    startup_acm32f0x0.o(RESET) refers to system_acm32f0x0.o(i.SysTick_Handler) for SysTick_Handler
    startup_acm32f0x0.o(RESET) refers to key.o(i.EXTI_IRQHandler) for EXTI_IRQHandler
    startup_acm32f0x0.o(RESET) refers to sys.o(i.DMA_IRQHandler) for DMA_IRQHandler
    startup_acm32f0x0.o(RESET) refers to hal_tkey.o(i.TKEY_IRQHandler) for TKEY_IRQHandler
    startup_acm32f0x0.o(RESET) refers to adc.o(i.ADC_IRQHandler) for ADC_IRQHandler
    startup_acm32f0x0.o(RESET) refers to timer.o(i.TIM6_IRQHandler) for TIM6_IRQHandler
    startup_acm32f0x0.o(RESET) refers to timer.o(i.TIM14_IRQHandler) for TIM14_IRQHandler
    startup_acm32f0x0.o(RESET) refers to spi.o(i.SPI2_IRQHandler) for SPI2_IRQHandler
    startup_acm32f0x0.o(RESET) refers to uart.o(i.UART1_IRQHandler) for UART1_IRQHandler
    startup_acm32f0x0.o(RESET) refers to uart.o(i.UART2_IRQHandler) for UART2_IRQHandler
    startup_acm32f0x0.o(.text) refers to entry.o(.ARM.Collect$$$$00000000) for __main
    system_acm32f0x0.o(i.SysTick_Handler) refers to system_acm32f0x0.o(.data) for gu32_SystemCount
    system_acm32f0x0.o(i.System_Clock_Init) refers to hal_eflash.o(i.HAL_EFlash_Init) for HAL_EFlash_Init
    system_acm32f0x0.o(i.System_Clock_Init) refers to system_acm32f0x0.o(.data) for gu32_Clocksrc
    system_acm32f0x0.o(i.System_Delay_MS) refers to system_acm32f0x0.o(.data) for gu32_SystemCount
    system_acm32f0x0.o(i.System_Enable_Disable_RTC_Domain_Access) refers to system_acm32f0x0.o(i.System_Delay) for System_Delay
    system_acm32f0x0.o(i.System_Enter_Standby_Mode) refers to system_acm32f0x0.o(i.System_Delay) for System_Delay
    system_acm32f0x0.o(i.System_Enter_Standby_Mode) refers to printfa.o(i.__0printf) for __2printf
    system_acm32f0x0.o(i.System_Enter_Stop_Mode) refers to system_acm32f0x0.o(i.System_SysTick_Off) for System_SysTick_Off
    system_acm32f0x0.o(i.System_Enter_Stop_Mode) refers to system_acm32f0x0.o(i.System_SysTick_Init) for System_SysTick_Init
    system_acm32f0x0.o(i.System_Get_APBClock) refers to system_acm32f0x0.o(.data) for gu32_APBClock
    system_acm32f0x0.o(i.System_Get_Clk_Source) refers to system_acm32f0x0.o(.data) for gu32_Clocksrc
    system_acm32f0x0.o(i.System_Get_SystemClock) refers to system_acm32f0x0.o(.data) for gu32_SystemClock
    system_acm32f0x0.o(i.System_Init) refers to system_acm32f0x0.o(i.System_Set_Buzzer_Divider) for System_Set_Buzzer_Divider
    system_acm32f0x0.o(i.System_Init) refers to sys.o(i.System_Clock_config) for System_Clock_config
    system_acm32f0x0.o(i.System_Init) refers to system_acm32f0x0.o(i.System_SysTick_Init) for System_SysTick_Init
    system_acm32f0x0.o(i.System_LVD_Config) refers to system_acm32f0x0.o(i.System_Delay) for System_Delay
    system_acm32f0x0.o(i.System_Module_Enable) refers to system_acm32f0x0.o(i.System_Delay) for System_Delay
    system_acm32f0x0.o(i.System_Module_Reset) refers to system_acm32f0x0.o(i.System_Delay) for System_Delay
    system_acm32f0x0.o(i.System_Return_Last_Reset_Reason) refers to system_acm32f0x0.o(.data) for Reset_Reason_Save
    system_acm32f0x0.o(i.System_Return_Saved_Reset_Reason) refers to system_acm32f0x0.o(.data) for Reset_Reason_Save
    system_acm32f0x0.o(i.System_SysTick_Init) refers to uidiv.o(.text) for __aeabi_uidivmod
    system_acm32f0x0.o(i.System_SysTick_Init) refers to system_acm32f0x0.o(i.NVIC_SetPriority) for NVIC_SetPriority
    system_acm32f0x0.o(i.System_SysTick_Init) refers to system_acm32f0x0.o(.data) for gu32_SystemCount
    hal_adc.o(i.HAL_ADC_AnalogWDGConfig) refers to hal_adc.o(i.__ARM_common_switch8) for __ARM_common_switch8
    hal_adc.o(i.HAL_ADC_ConfigChannel) refers to system_acm32f0x0.o(i.System_Delay) for System_Delay
    hal_adc.o(i.HAL_ADC_ConfigChannel) refers to adc.o(.bss) for ADC_Handle
    hal_adc.o(i.HAL_ADC_DeInit) refers to adc.o(i.HAL_ADC_MspDeInit) for HAL_ADC_MspDeInit
    hal_adc.o(i.HAL_ADC_DeInit) refers to memseta.o(.text) for __aeabi_memclr4
    hal_adc.o(i.HAL_ADC_Init) refers to adc.o(i.HAL_ADC_MspInit) for HAL_ADC_MspInit
    hal_adc.o(i.HAL_ADC_InjectedStop_IT) refers to hal_adc.o(i.HAL_ADC_Stop_IT) for HAL_ADC_Stop_IT
    hal_adc.o(i.HAL_ADC_MspDeInit) refers to hal_dma.o(i.HAL_DMA_DeInit) for HAL_DMA_DeInit
    hal_adc.o(i.HAL_ADC_MspDeInit) refers to system_acm32f0x0.o(i.System_Module_Disable) for System_Module_Disable
    hal_adc.o(i.HAL_ADC_MspDeInit) refers to hal_adc.o(i.NVIC_ClearPendingIRQ) for NVIC_ClearPendingIRQ
[...]
    i.HAL_GPIO_Init                          0x00001bf4   Section        0  hal_gpio.o(i.HAL_GPIO_Init)
    i.HAL_GPIO_ReadPin                       0x00001fac   Section        0  hal_gpio.o(i.HAL_GPIO_ReadPin)
    i.HAL_GPIO_WritePin                      0x00001ff4   Section        0  hal_gpio.o(i.HAL_GPIO_WritePin)
    i.HAL_SPI_IRQHandler                     0x00002070   Section        0  hal_spi.o(i.HAL_SPI_IRQHandler)
    i.HAL_SPI_Init                           0x000023ac   Section        0  hal_spi.o(i.HAL_SPI_Init)
    i.HAL_SPI_MspInit                        0x00002524   Section        0  spi.o(i.HAL_SPI_MspInit)
    i.HAL_SPI_Transmit                       0x00002578   Section        0  hal_spi.o(i.HAL_SPI_Transmit)
    i.HAL_TIMER_Base_Init                    0x000026e4   Section        0  hal_timer.o(i.HAL_TIMER_Base_Init)
    i.HAL_TIMER_Base_Start                   0x00002824   Section        0  hal_timer.o(i.HAL_TIMER_Base_Start)
    i.HAL_TIMER_MSP_Init                     0x00002870   Section        0  hal_timer.o(i.HAL_TIMER_MSP_Init)
    i.HAL_TIMER_Output_Config                0x000029e8   Section        0  hal_timer.o(i.HAL_TIMER_Output_Config)
    i.HAL_TIM_PWM_Output_Start               0x00002e08   Section        0  hal_timer.o(i.HAL_TIM_PWM_Output_Start)
    i.HAL_UART_IRQHandler                    0x00002fb8   Section        0  hal_uart.o(i.HAL_UART_IRQHandler)
    i.HAL_UART_Init                          0x00003218   Section        0  hal_uart.o(i.HAL_UART_Init)
    i.HAL_UART_MspInit                       0x0000333c   Section        0  uart.o(i.HAL_UART_MspInit)
    i.HAL_UART_Receive                       0x000033c4   Section        0  hal_uart.o(i.HAL_UART_Receive)
    i.HAL_UART_Receive_IT                    0x00003480   Section        0  hal_uart.o(i.HAL_UART_Receive_IT)
    i.HAL_UART_RxCpltCallback                0x0000355c   Section        0  uart.o(i.HAL_UART_RxCpltCallback)
    i.HAL_UART_Transmit                      0x000035f4   Section        0  hal_uart.o(i.HAL_UART_Transmit)
    i.HAL_UART_TxCpltCallback                0x00003680   Section        0  uart.o(i.HAL_UART_TxCpltCallback)
    i.HAL_UART_Wait_Tx_Done                  0x00003690   Section        0  hal_uart.o(i.HAL_UART_Wait_Tx_Done)
    HAL_UART_Wait_Tx_Done                    0x00003691   Thumb Code    48  hal_uart.o(i.HAL_UART_Wait_Tx_Done)
    i.HardFault_Handler                      0x000036cc   Section        0  system_acm32f0x0.o(i.HardFault_Handler)
    i.IIC_Ack                                0x000036d0   Section        0  24cxx.o(i.IIC_Ack)
    i.IIC_NAck                               0x00003708   Section        0  24cxx.o(i.IIC_NAck)
    i.IIC_Read_Byte                          0x00003740   Section        0  24cxx.o(i.IIC_Read_Byte)
    i.IIC_Send_Byte                          0x00003798   Section        0  24cxx.o(i.IIC_Send_Byte)
    i.IIC_Start                              0x000037fe   Section        0  24cxx.o(i.IIC_Start)
    i.IIC_Stop                               0x00003836   Section        0  24cxx.o(i.IIC_Stop)
    i.IIC_Wait_Ack                           0x0000386e   Section        0  24cxx.o(i.IIC_Wait_Ack)
    i.LCD_Clear                              0x000038c0   Section        0  lcd.o(i.LCD_Clear)
    i.LCD_Dischar                            0x00003924   Section        0  lcd.o(i.LCD_Dischar)
    i.LCD_DispHZ                             0x00003ad4   Section        0  lcd.o(i.LCD_DispHZ)
    i.LCD_DispPic                            0x00003c74   Section        0  lcd.o(i.LCD_DispPic)
    i.LCD_DrawPoint                          0x00003c9c   Section        0  lcd.o(i.LCD_DrawPoint)
    i.LCD_DrawStraightLine                   0x00003cbc   Section        0  lcd.o(i.LCD_DrawStraightLine)
    i.LCD_Fill                               0x00003d0c   Section        0  lcd.o(i.LCD_Fill)
    i.LCD_Init                               0x00003dd0   Section        0  lcd.o(i.LCD_Init)
    i.LCD_SetCursor                          0x00003ff4   Section        0  lcd.o(i.LCD_SetCursor)
    i.LCD_Set_Window                         0x0000404c   Section        0  lcd.o(i.LCD_Set_Window)
    i.LCD_ShowString                         0x000040b0   Section        0  lcd.o(i.LCD_ShowString)
    i.LCD_WR_DATA                            0x000040f0   Section        0  lcd.o(i.LCD_WR_DATA)
    i.LCD_WR_REG                             0x0000412c   Section        0  lcd.o(i.LCD_WR_REG)
    i.LCD_WriteRAM                           0x00004168   Section        0  lcd.o(i.LCD_WriteRAM)
    i.LCD_WriteRAM_Prepare                   0x000041b0   Section        0  lcd.o(i.LCD_WriteRAM_Prepare)
    i.LCD_WriteRAMstr                        0x000041c0   Section        0  lcd.o(i.LCD_WriteRAMstr)
    i.NVIC_ClearPendingIRQ                   0x000041fc   Section        0  hal_spi.o(i.NVIC_ClearPendingIRQ)
    NVIC_ClearPendingIRQ                     0x000041fd   Thumb Code    14  hal_spi.o(i.NVIC_ClearPendingIRQ)
    i.NVIC_ClearPendingIRQ                   0x00004210   Section        0  hal_timer.o(i.NVIC_ClearPendingIRQ)
    NVIC_ClearPendingIRQ                     0x00004211   Thumb Code    14  hal_timer.o(i.NVIC_ClearPendingIRQ)
    i.NVIC_ClearPendingIRQ                   0x00004224   Section        0  spi.o(i.NVIC_ClearPendingIRQ)
    NVIC_ClearPendingIRQ                     0x00004225   Thumb Code    14  spi.o(i.NVIC_ClearPendingIRQ)
    i.NVIC_ClearPendingIRQ                   0x00004238   Section        0  uart.o(i.NVIC_ClearPendingIRQ)
    NVIC_ClearPendingIRQ                     0x00004239   Thumb Code    14  uart.o(i.NVIC_ClearPendingIRQ)
    i.NVIC_ClearPendingIRQ                   0x0000424c   Section        0  adc.o(i.NVIC_ClearPendingIRQ)
    NVIC_ClearPendingIRQ                     0x0000424d   Thumb Code    14  adc.o(i.NVIC_ClearPendingIRQ)
    i.NVIC_EnableIRQ                         0x00004260   Section        0  hal_timer.o(i.NVIC_EnableIRQ)
    NVIC_EnableIRQ                           0x00004261   Thumb Code    14  hal_timer.o(i.NVIC_EnableIRQ)
    i.NVIC_EnableIRQ                         0x00004274   Section        0  uart.o(i.NVIC_EnableIRQ)
    NVIC_EnableIRQ                           0x00004275   Thumb Code    14  uart.o(i.NVIC_EnableIRQ)
    i.NVIC_SetPriority                       0x00004288   Section        0  system_acm32f0x0.o(i.NVIC_SetPriority)
    NVIC_SetPriority                         0x00004289   Thumb Code   110  system_acm32f0x0.o(i.NVIC_SetPriority)
    i.NVIC_SetPriority                       0x00004300   Section        0  uart.o(i.NVIC_SetPriority)
    NVIC_SetPriority                         0x00004301   Thumb Code   110  uart.o(i.NVIC_SetPriority)
    i.PWM_init                               0x00004378   Section        0  pwm.o(i.PWM_init)
    i.PWM_set_duty                           0x0000440c   Section        0  pwm.o(i.PWM_set_duty)
    i.RTC_Bcd2ToByte                         0x00004422   Section        0  rtc.o(i.RTC_Bcd2ToByte)
    i.RTC_ByteToBcd2                         0x0000443a   Section        0  rtc.o(i.RTC_ByteToBcd2)
    i.RTC_GetDate                            0x00004456   Section        0  rtc.o(i.RTC_GetDate)
    i.RTC_GetTime                            0x000044b2   Section        0  rtc.o(i.RTC_GetTime)
    i.RTC_Init                               0x0000455c   Section        0  rtc.o(i.RTC_Init)
    i.RTC_SetDate                            0x000045ac   Section        0  rtc.o(i.RTC_SetDate)
    i.RTC_SetTime                            0x00004610   Section        0  rtc.o(i.RTC_SetTime)
    i.RTC_read_reg                           0x00004692   Section        0  rtc.o(i.RTC_read_reg)
    i.RTC_write_reg                          0x00004732   Section        0  rtc.o(i.RTC_write_reg)
    i.Readpara                               0x00004784   Section        0  main.o(i.Readpara)
    i.SPI2_IRQHandler                        0x00004814   Section        0  spi.o(i.SPI2_IRQHandler)
    i.SPI_Init                               0x00004824   Section        0  spi.o(i.SPI_Init)
    i.SYS_Param_Init                         0x0000484c   Section        0  24cxx.o(i.SYS_Param_Init)
    i.SysTick_Handler                        0x000048a0   Section        0  system_acm32f0x0.o(i.SysTick_Handler)
    i.System_Clock_config                    0x000048b0   Section        0  sys.o(i.System_Clock_config)
    i.System_Delay                           0x00004a34   Section        0  system_acm32f0x0.o(i.System_Delay)
    i.System_Get_APBClock                    0x00004a44   Section        0  system_acm32f0x0.o(i.System_Get_APBClock)
    i.System_Get_Clk_Source                  0x00004a50   Section        0  system_acm32f0x0.o(i.System_Get_Clk_Source)
    i.System_Init                            0x00004a5c   Section        0  system_acm32f0x0.o(i.System_Init)
    i.System_Module_Enable                   0x00004a98   Section        0  system_acm32f0x0.o(i.System_Module_Enable)
    i.System_Module_Reset                    0x00004acc   Section        0  system_acm32f0x0.o(i.System_Module_Reset)
    i.System_Set_Buzzer_Divider              0x00004af8   Section        0  system_acm32f0x0.o(i.System_Set_Buzzer_Divider)
    i.System_SysTick_Init                    0x00004b34   Section        0  system_acm32f0x0.o(i.System_SysTick_Init)
    i.TIM14_IRQHandler                       0x00004b80   Section        0  timer.o(i.TIM14_IRQHandler)
    i.TIM14_Init                             0x00004bc8   Section        0  timer.o(i.TIM14_Init)
    i.TIM3_MSP_Post_Init                     0x00004c1c   Section        0  pwm.o(i.TIM3_MSP_Post_Init)
    i.TIM3_PWM_Init                          0x00004c38   Section        0  pwm.o(i.TIM3_PWM_Init)
    i.TIM6_IRQHandler                        0x00004c60   Section        0  timer.o(i.TIM6_IRQHandler)
    i.TIM6_Init                              0x00004c80   Section        0  timer.o(i.TIM6_Init)
    i.TIM6_update_cb                         0x00004cd8   Section        0  timer.o(i.TIM6_update_cb)
    i.TKEY_IRQHandler                        0x00004d3c   Section        0  hal_tkey.o(i.TKEY_IRQHandler)
    i.TimeGetDate                            0x00004d4c   Section        0  main.o(i.TimeGetDate)
    i.U32ToU8                                0x00004f28   Section        0  hlw8112.o(i.U32ToU8)
    i.UART1_IRQHandler                       0x00004f3c   Section        0  uart.o(i.UART1_IRQHandler)
    i.UART2_IRQHandler                       0x00004f4c   Section        0  uart.o(i.UART2_IRQHandler)
    i.UART_Config_BaudRate                   0x00004f6c   Section        0  hal_uart.o(i.UART_Config_BaudRate)
    UART_Config_BaudRate                     0x00004f6d   Thumb Code   200  hal_uart.o(i.UART_Config_BaudRate)
    i.Uart1_Init                             0x00005040   Section        0  uart.o(i.Uart1_Init)
    i.__0sprintf                             0x00005074   Section        0  printfa.o(i.__0sprintf)
    i.__ARM_clz                              0x0000509c   Section        0  depilogue.o(i.__ARM_clz)
    i.__ARM_common_switch8                   0x000050ca   Section        0  hal_adc.o(i.__ARM_common_switch8)
    i.__scatterload_copy                     0x000050e6   Section       14  handlers.o(i.__scatterload_copy)
    i.__scatterload_null                     0x000050f4   Section        2  handlers.o(i.__scatterload_null)
    i.__scatterload_zeroinit                 0x000050f6   Section       14  handlers.o(i.__scatterload_zeroinit)
    i._fp_digits                             0x00005104   Section        0  printfa.o(i._fp_digits)
    _fp_digits                               0x00005105   Thumb Code   344  printfa.o(i._fp_digits)
    i._printf_core                           0x00005278   Section        0  printfa.o(i._printf_core)
    _printf_core                             0x00005279   Thumb Code  1760  printfa.o(i._printf_core)
    i._printf_post_padding                   0x00005968   Section        0  printfa.o(i._printf_post_padding)
    _printf_post_padding                     0x00005969   Thumb Code    32  printfa.o(i._printf_post_padding)
    i._printf_pre_padding                    0x00005988   Section        0  printfa.o(i._printf_pre_padding)
    _printf_pre_padding                      0x00005989   Thumb Code    44  printfa.o(i._printf_pre_padding)
    i._sputc                                 0x000059b4   Section        0  printfa.o(i._sputc)
    _sputc                                   0x000059b5   Thumb Code    10  printfa.o(i._sputc)
    i.adc_init                               0x000059c0   Section        0  adc.o(i.adc_init)
    i.audio_data0                            0x00005a3c   Section        0  audio.o(i.audio_data0)
    i.audio_data1                            0x00005a68   Section        0  audio.o(i.audio_data1)
    i.audio_init                             0x00005a94   Section        0  audio.o(i.audio_init)
    i.audio_start                            0x00005ae0   Section        0  audio.o(i.audio_start)
    i.bsp_init                               0x00005b0c   Section        0  bsp.o(i.bsp_init)
    i.cal_ram                                0x00005c38   Section        0  lcd.o(i.cal_ram)
    i.comp_get_level                         0x00005c94   Section        0  comp.o(i.comp_get_level)
    i.delay_US                               0x00005cc8   Section        0  delay.o(i.delay_US)
    i.delay_ms                               0x00005cdc   Section        0  delay.o(i.delay_ms)
    i.delay_us                               0x00005cf4   Section        0  delay.o(i.delay_us)
    i.display_charging                       0x00005d04   Section        0  display.o(i.display_charging)
    i.display_currentmode                    0x00005d70   Section        0  display.o(i.display_currentmode)
    i.display_main                           0x00005e20   Section        0  display.o(i.display_main)
    i.display_minstartcharge                 0x00005ea8   Section        0  display.o(i.display_minstartcharge)
    i.display_pic_car                        0x000060ac   Section        0  display.o(i.display_pic_car)
    i.display_pic_leak                       0x000060c4   Section        0  display.o(i.display_pic_leak)
    i.display_pic_logo                       0x00006138   Section        0  display.o(i.display_pic_logo)
    i.display_pic_noearth                    0x0000617c   Section        0  display.o(i.display_pic_noearth)
    i.display_pic_overtemp                   0x00006250   Section        0  display.o(i.display_pic_overtemp)
    i.display_plugT                          0x000062c4   Section        0  display.o(i.display_plugT)
    i.display_realE                          0x00006398   Section        0  display.o(i.display_realE)
    i.display_realI                          0x0000644c   Section        0  display.o(i.display_realI)
    i.display_realP                          0x00006530   Section        0  display.o(i.display_realP)
    i.display_realV                          0x000065e8   Section        0  display.o(i.display_realV)
    i.display_reservemode                    0x00006698   Section        0  display.o(i.display_reservemode)
    i.display_reservesuccess                 0x00006704   Section        0  display.o(i.display_reservesuccess)
    i.display_set_calender                   0x00006770   Section        0  display.o(i.display_set_calender)
    i.display_statusbar                      0x00006c78   Section        0  display.o(i.display_statusbar)
    i.display_waitcharg                      0x00006d98   Section        0  display.o(i.display_waitcharg)
    i.get_nsum                               0x00006e04   Section        0  hlw8112.o(i.get_nsum)
    i.get_temp_mcu                           0x00006e24   Section        0  adc.o(i.get_temp_mcu)
    i.get_temp_plug                          0x00006f34   Section        0  adc.o(i.get_temp_plug)
    i.hlw8112_R_reg                          0x00007044   Section        0  hlw8112.o(i.hlw8112_R_reg)
    i.hlw8112_W_reg                          0x000070ac   Section        0  hlw8112.o(i.hlw8112_W_reg)
    i.hlw8112_check_para                     0x00007114   Section        0  hlw8112.o(i.hlw8112_check_para)
    i.hlw8112_diswrite                       0x000071c4   Section        0  hlw8112.o(i.hlw8112_diswrite)
    i.hlw8112_enwrite                        0x000071f0   Section        0  hlw8112.o(i.hlw8112_enwrite)
    i.hlw8112_get_RmsIA                      0x0000721c   Section        0  hlw8112.o(i.hlw8112_get_RmsIA)
    i.hlw8112_get_RmsIB                      0x000072b8   Section        0  hlw8112.o(i.hlw8112_get_RmsIB)
    i.hlw8112_get_RmsP                       0x00007344   Section        0  hlw8112.o(i.hlw8112_get_RmsP)
    i.hlw8112_get_RmsU                       0x000073fc   Section        0  hlw8112.o(i.hlw8112_get_RmsU)
    i.hlw8112_get_ufre                       0x0000749c   Section        0  hlw8112.o(i.hlw8112_get_ufre)
    i.hlw8112_init                           0x000074d0   Section        0  hlw8112.o(i.hlw8112_init)
    i.hlw8112_special_cmd                    0x00007538   Section        0  hlw8112.o(i.hlw8112_special_cmd)
    i.key_Init                               0x00007568   Section        0  key.o(i.key_Init)
    i.key_handle                             0x00007598   Section        0  main.o(i.key_handle)
    i.key_scan                               0x00007c2c   Section        0  key.o(i.key_scan)
    i.ln                                     0x00007cf0   Section        0  adc.o(i.ln)
    i.main                                   0x00007df0   Section        0  main.o(i.main)
    i.pic_earth                              0x00008114   Section        0  lcd.o(i.pic_earth)
    i.pic_protect                            0x00008620   Section        0  lcd.o(i.pic_protect)
    i.play_audio                             0x00008bc8   Section        0  audio.o(i.play_audio)
    i.rtc_read_byte                          0x00008bf8   Section        0  rtc.o(i.rtc_read_byte)
    i.rtc_write_byte                         0x00008c48   Section        0  rtc.o(i.rtc_write_byte)
    .constdata                               0x00008ca0   Section       62  main.o(.constdata)
    .constdata                               0x00008cde   Section     4871  lcd.o(.constdata)
    .constdata                               0x00009fe8   Section       34  hlw8112.o(.constdata)
    .data                                    0x20000000   Section       20  system_acm32f0x0.o(.data)
    .data                                    0x20000014   Section        8  hal_spi.o(.data)
    .data                                    0x2000001c   Section        4  hal_uart.o(.data)
    .data                                    0x20000020   Section       40  main.o(.data)
    .data                                    0x20000048   Section     1320  lcd.o(.data)
    .data                                    0x20000570   Section        2  uart.o(.data)
    rec_len                                  0x20000571   Data           1  uart.o(.data)
    .data                                    0x20000572   Section       13  rtc.o(.data)
    .data                                    0x20000580   Section       16  adc.o(.data)
    gu32_ITC_Conunt                          0x20000580   Data           4  adc.o(.data)
    gu32_IE_Conunt                           0x20000584   Data           4  adc.o(.data)
    .data                                    0x20000590   Section       14  timer.o(.data)
    .data                                    0x2000059e   Section        1  bt.o(.data)
    .data                                    0x200005a0   Section        4  display.o(.data)
    .data                                    0x200005a4   Section    12064  car.o(.data)
    .bss                                     0x200034c4   Section       58  main.o(.bss)
    .bss                                     0x20003500   Section       48  bsp.o(.bss)
    .bss                                     0x20003530   Section       10  lcd.o(.bss)
    .bss                                     0x2000353c   Section      104  spi.o(.bss)
    .bss                                     0x200035a4   Section      208  uart.o(.bss)
    .bss                                     0x20003674   Section      128  adc.o(.bss)
    .bss                                     0x200036f4   Section       56  pwm.o(.bss)
    .bss                                     0x2000372c   Section      112  timer.o(.bss)
    .bss                                     0x2000379c   Section      128  comp.o(.bss)
    .bss                                     0x2000381c   Section       64  bt.o(.bss)
    .bss                                     0x2000385c   Section       18  hlw8112.o(.bss)
    STACK                                    0x20003870   Section     2048  startup_acm32f0x0.o(STACK)

    Global Symbols

    Symbol Name                              Value     Ov Type        Size  Object(Section)

    BuildAttributes$$THM_ISAv3M$S$PE$A:L22$X:L11$S22$IEEE1$IW$USESV6$~STKCKD$USESV7$~SHL$OTIME$ROPI$EBA8$MICROLIB$REQ8$PRES8$EABIv2 0x00000000   Number         0  anon$$obj.o ABSOLUTE
    __ARM_use_no_argv                        0x00000000   Number         0  main.o ABSOLUTE
    __Vectors                                0x00000000   Data           0  startup_acm32f0x0.o(RESET)
    _printf_a                                0x00000000   Number         0  stubs.o ABSOLUTE
    _printf_c                                0x00000000   Number         0  stubs.o ABSOLUTE
    _printf_charcount                        0x00000000   Number         0  stubs.o ABSOLUTE
    _printf_d                                0x00000000   Number         0  stubs.o ABSOLUTE
    _printf_e                                0x00000000   Number         0  stubs.o ABSOLUTE
    _printf_f                                0x00000000   Number         0  stubs.o ABSOLUTE
    _printf_flags                            0x00000000   Number         0  stubs.o ABSOLUTE
    _printf_fp_dec                           0x00000000   Number         0  stubs.o ABSOLUTE
    _printf_fp_hex                           0x00000000   Number         0  stubs.o ABSOLUTE
    _printf_g                                0x00000000   Number         0  stubs.o ABSOLUTE
    _printf_i                                0x00000000   Number         0  stubs.o ABSOLUTE
    _printf_int_dec                          0x00000000   Number         0  stubs.o ABSOLUTE
    _printf_l                                0x00000000   Number         0  stubs.o ABSOLUTE
    _printf_lc                               0x00000000   Number         0  stubs.o ABSOLUTE
    _printf_ll                               0x00000000   Number         0  stubs.o ABSOLUTE
    _printf_lld                              0x00000000   Number         0  stubs.o ABSOLUTE
    _printf_lli                              0x00000000   Number         0  stubs.o ABSOLUTE
    _printf_llo                              0x00000000   Number         0  stubs.o ABSOLUTE
    _printf_llu                              0x00000000   Number         0  stubs.o ABSOLUTE
    _printf_llx                              0x00000000   Number         0  stubs.o ABSOLUTE
    _printf_longlong_dec                     0x00000000   Number         0  stubs.o ABSOLUTE
    _printf_longlong_hex                     0x00000000   Number         0  stubs.o ABSOLUTE
    _printf_longlong_oct                     0x00000000   Number         0  stubs.o ABSOLUTE
    _printf_ls                               0x00000000   Number         0  stubs.o ABSOLUTE
    _printf_mbtowc                           0x00000000   Number         0  stubs.o ABSOLUTE
    _printf_n                                0x00000000   Number         0  stubs.o ABSOLUTE
    _printf_o                                0x00000000   Number         0  stubs.o ABSOLUTE
    _printf_p                                0x00000000   Number         0  stubs.o ABSOLUTE
    _printf_percent                          0x00000000   Number         0  stubs.o ABSOLUTE
    _printf_pre_padding                      0x00000000   Number         0  stubs.o ABSOLUTE
    _printf_return_value                     0x00000000   Number         0  stubs.o ABSOLUTE
    _printf_s                                0x00000000   Number         0  stubs.o ABSOLUTE
    _printf_sizespec                         0x00000000   Number         0  stubs.o ABSOLUTE
    _printf_str                              0x00000000   Number         0  stubs.o ABSOLUTE
    _printf_truncate_signed                  0x00000000   Number         0  stubs.o ABSOLUTE
    _printf_truncate_unsigned                0x00000000   Number         0  stubs.o ABSOLUTE
    _printf_u                                0x00000000   Number         0  stubs.o ABSOLUTE
    _printf_wc                               0x00000000   Number         0  stubs.o ABSOLUTE
    _printf_wctomb                           0x00000000   Number         0  stubs.o ABSOLUTE
    _printf_widthprec                        0x00000000   Number         0  stubs.o ABSOLUTE
    _printf_x                                0x00000000   Number         0  stubs.o ABSOLUTE
    HAL_UART_ErrorCallback                    - Undefined Weak Reference
    __arm_fini_                               - Undefined Weak Reference
    __cpp_initialize__aeabi_                  - Undefined Weak Reference
    __cxa_finalize                            - Undefined Weak Reference
    _clock_init                               - Undefined Weak Reference
    _microlib_exit                            - Undefined Weak Reference
    __main                                   0x000000c1   Thumb Code     0  entry.o(.ARM.Collect$$$$00000000)
    _main_stk                                0x000000c1   Thumb Code     0  entry2.o(.ARM.Collect$$$$00000001)
    _main_scatterload                        0x000000c5   Thumb Code     0  entry5.o(.ARM.Collect$$$$00000004)
    __main_after_scatterload                 0x000000c9   Thumb Code     0  entry5.o(.ARM.Collect$$$$00000004)
    _main_clock                              0x000000c9   Thumb Code     0  entry7b.o(.ARM.Collect$$$$00000008)
    _main_cpp_init                           0x000000c9   Thumb Code     0  entry8b.o(.ARM.Collect$$$$0000000A)
    _main_init                               0x000000c9   Thumb Code     0  entry9a.o(.ARM.Collect$$$$0000000B)
    __rt_lib_shutdown_fini                   0x000000d1   Thumb Code     0  entry12b.o(.ARM.Collect$$$$0000000E)
    __rt_final_cpp                           0x000000d5   Thumb Code     0  entry10a.o(.ARM.Collect$$$$0000000F)
    __rt_final_exit                          0x000000d5   Thumb Code     0  entry11a.o(.ARM.Collect$$$$00000011)
    Reset_Handler                            0x000000d9   Thumb Code     4  startup_acm32f0x0.o(.text)
    NMI_Handler                              0x000000dd   Thumb Code     2  startup_acm32f0x0.o(.text)
    MemManage_Handler                        0x000000e1   Thumb Code     2  startup_acm32f0x0.o(.text)
    SVC_Handler                              0x000000e3   Thumb Code     2  startup_acm32f0x0.o(.text)
    PendSV_Handler                           0x000000e5   Thumb Code     2  startup_acm32f0x0.o(.text)
    AES_IRQHandler                           0x000000e9   Thumb Code     0  startup_acm32f0x0.o(.text)
    CAN1_IRQHandler                          0x000000e9   Thumb Code     0  startup_acm32f0x0.o(.text)
    CLKRDY_IRQHandler                        0x000000e9   Thumb Code     0  startup_acm32f0x0.o(.text)
    EFC_IRQHandler                           0x000000e9   Thumb Code     0  startup_acm32f0x0.o(.text)
    GPIOAB_IRQHandler                        0x000000e9   Thumb Code     0  startup_acm32f0x0.o(.text)
    GPIOCD_IRQHandler                        0x000000e9   Thumb Code     0  startup_acm32f0x0.o(.text)
    I2C1_IRQHandler                          0x000000e9   Thumb Code     0  startup_acm32f0x0.o(.text)
    I2C2_IRQHandler                          0x000000e9   Thumb Code     0  startup_acm32f0x0.o(.text)
    LCD_IRQHandler                           0x000000e9   Thumb Code     0  startup_acm32f0x0.o(.text)
    LPUART_IRQHandler                        0x000000e9   Thumb Code     0  startup_acm32f0x0.o(.text)
    RSV_IRQHandler                           0x000000e9   Thumb Code     0  startup_acm32f0x0.o(.text)
    RTC_IRQHandler                           0x000000e9   Thumb Code     0  startup_acm32f0x0.o(.text)
    SPI1_IRQHandler                          0x000000e9   Thumb Code     0  startup_acm32f0x0.o(.text)
    SRAM_PARITY_IRQHandler                   0x000000e9   Thumb Code     0  startup_acm32f0x0.o(.text)
    TIM15_IRQHandler                         0x000000e9   Thumb Code     0  startup_acm32f0x0.o(.text)
    TIM16_IRQHandler                         0x000000e9   Thumb Code     0  startup_acm32f0x0.o(.text)
    TIM17_IRQHandler                         0x000000e9   Thumb Code     0  startup_acm32f0x0.o(.text)
    TIM1_BRK_UP_TRG_COM_IRQHandler           0x000000e9   Thumb Code     0  startup_acm32f0x0.o(.text)
    TIM1_CC_IRQHandler                       0x000000e9   Thumb Code     0  startup_acm32f0x0.o(.text)
    TIM3_IRQHandler                          0x000000e9   Thumb Code     0  startup_acm32f0x0.o(.text)
    UART3_IRQHandler                         0x000000e9   Thumb Code     0  startup_acm32f0x0.o(.text)
    WDT_IRQHandler                           0x000000e9   Thumb Code     0  startup_acm32f0x0.o(.text)
    __aeabi_uidiv                            0x000000f1   Thumb Code     0  uidiv.o(.text)
    __aeabi_uidivmod                         0x000000f1   Thumb Code    44  uidiv.o(.text)
    __aeabi_idiv                             0x0000011d   Thumb Code     0  idiv.o(.text)
    __aeabi_idivmod                          0x0000011d   Thumb Code    40  idiv.o(.text)
    __aeabi_uldivmod                         0x00000145   Thumb Code    96  uldiv.o(.text)
    __aeabi_lmul                             0x000001a5   Thumb Code   122  llmul.o(.text)
    _ll_mul                                  0x000001a5   Thumb Code     0  llmul.o(.text)
    __aeabi_memcpy                           0x0000021f   Thumb Code    36  memcpya.o(.text)
    __aeabi_memcpy4                          0x0000021f   Thumb Code     0  memcpya.o(.text)
    __aeabi_memcpy8                          0x0000021f   Thumb Code     0  memcpya.o(.text)
    __aeabi_memset                           0x00000243   Thumb Code    14  memseta.o(.text)
    __aeabi_memset4                          0x00000243   Thumb Code     0  memseta.o(.text)
    __aeabi_memset8                          0x00000243   Thumb Code     0  memseta.o(.text)
    __aeabi_memclr                           0x00000251   Thumb Code     4  memseta.o(.text)
    __aeabi_memclr4                          0x00000251   Thumb Code     0  memseta.o(.text)
    __aeabi_memclr8                          0x00000251   Thumb Code     0  memseta.o(.text)
    _memset$wrapper                          0x00000255   Thumb Code    18  memseta.o(.text)
    __aeabi_fadd                             0x00000267   Thumb Code   162  fadd.o(.text)
    __aeabi_fsub                             0x00000309   Thumb Code     8  fadd.o(.text)
    __aeabi_frsub                            0x00000311   Thumb Code     8  fadd.o(.text)
    __aeabi_fmul                             0x00000319   Thumb Code   122  fmul.o(.text)
    __aeabi_fdiv                             0x00000393   Thumb Code   124  fdiv.o(.text)
    __aeabi_dadd                             0x00000411   Thumb Code   330  dadd.o(.text)
    __aeabi_dsub                             0x0000055b   Thumb Code    12  dadd.o(.text)
    __aeabi_drsub                            0x00000567   Thumb Code    12  dadd.o(.text)
    __aeabi_dmul                             0x00000579   Thumb Code   202  dmul.o(.text)
    __aeabi_ddiv                             0x00000649   Thumb Code   234  ddiv.o(.text)
    __aeabi_ui2f                             0x00000739   Thumb Code    14  ffltui.o(.text)
    __aeabi_i2d                              0x00000749   Thumb Code    34  dflti.o(.text)
    __aeabi_ui2d                             0x00000771   Thumb Code    24  dfltui.o(.text)
    __aeabi_f2d                              0x0000078d   Thumb Code    40  f2d.o(.text)
    __aeabi_cdcmpeq                          0x000007b5   Thumb Code     0  cdcmple.o(.text)
    __aeabi_cdcmple                          0x000007b5   Thumb Code    38  cdcmple.o(.text)
    __aeabi_cdrcmple                         0x000007dd   Thumb Code    38  cdrcmple.o(.text)
    __aeabi_d2f                              0x00000805   Thumb Code    56  d2f.o(.text)
    __aeabi_cfcmpeq                          0x0000083d   Thumb Code     0  cfcmple.o(.text)
    __aeabi_cfcmple                          0x0000083d   Thumb Code    20  cfcmple.o(.text)
    __aeabi_cfrcmple                         0x00000851   Thumb Code    20  cfrcmple.o(.text)
    __aeabi_llsl                             0x00000865   Thumb Code    32  llshl.o(.text)
    _ll_shift_l                              0x00000865   Thumb Code     0  llshl.o(.text)
    __aeabi_llsr                             0x00000885   Thumb Code    34  llushr.o(.text)
    _ll_ushift_r                             0x00000885   Thumb Code     0  llushr.o(.text)
    __aeabi_lasr                             0x000008a7   Thumb Code    38  llsshr.o(.text)
    _ll_sshift_r                             0x000008a7   Thumb Code     0  llsshr.o(.text)
    __I$use$fp                               0x000008cd   Thumb Code     0  iusefp.o(.text)
    _float_round                             0x000008cd   Thumb Code    16  fepilogue.o(.text)
    _float_epilogue                          0x000008dd   Thumb Code   114  fepilogue.o(.text)
    _double_round                            0x0000094f   Thumb Code    26  depilogue.o(.text)
    _double_epilogue                         0x00000969   Thumb Code   164  depilogue.o(.text)
    __aeabi_d2ulz                            0x00000a0d   Thumb Code    54  dfixul.o(.text)
    __scatterload                            0x00000a4d   Thumb Code    28  init.o(.text)
    __scatterload_rt2                        0x00000a4d   Thumb Code     0  init.o(.text)
    __decompress                             0x00000a71   Thumb Code     0  __dclz77c.o(.text)
    __decompress2                            0x00000a71   Thumb Code    96  __dclz77c.o(.text)
    ADC_IRQHandler                           0x00000ad1   Thumb Code    16  adc.o(i.ADC_IRQHandler)
    AT24CXX_Init                             0x00000ae5   Thumb Code    54  24cxx.o(i.AT24CXX_Init)
    AT24CXX_ReadOneByte                      0x00000b21   Thumb Code    60  24cxx.o(i.AT24CXX_ReadOneByte)
    AT24CXX_WriteOneByte                     0x00000b5d   Thumb Code    52  24cxx.o(i.AT24CXX_WriteOneByte)
    COMP_Init                                0x00000b91   Thumb Code    48  comp.o(i.COMP_Init)
    DMA_IRQHandler                           0x00000bcd   Thumb Code    12  sys.o(i.DMA_IRQHandler)
    Draw_Circle                              0x00000bdd   Thumb Code   162  lcd.o(i.Draw_Circle)
    EXTI_IRQHandler                          0x00000c81   Thumb Code   116  key.o(i.EXTI_IRQHandler)
    HAL_ADC_ConfigChannel                    0x00000cfd   Thumb Code   976  hal_adc.o(i.HAL_ADC_ConfigChannel)
    HAL_ADC_IRQHandler                       0x000010d5   Thumb Code   296  hal_adc.o(i.HAL_ADC_IRQHandler)
    HAL_ADC_Init                             0x00001201   Thumb Code   744  hal_adc.o(i.HAL_ADC_Init)
    HAL_ADC_MspInit                          0x000014f1   Thumb Code    70  adc.o(i.HAL_ADC_MspInit)
    HAL_ADC_Polling                          0x0000153d   Thumb Code   206  hal_adc.o(i.HAL_ADC_Polling)
    HAL_ADC_Start                            0x0000160d   Thumb Code   106  hal_adc.o(i.HAL_ADC_Start)
    HAL_ADC_Stop                             0x0000167d   Thumb Code    74  hal_adc.o(i.HAL_ADC_Stop)
    HAL_COMP_GetOutputLevel                  0x000016cd   Thumb Code    84  hal_comp.o(i.HAL_COMP_GetOutputLevel)
    HAL_COMP_Init                            0x00001725   Thumb Code   574  hal_comp.o(i.HAL_COMP_Init)
    HAL_COMP_MspInit                         0x00001969   Thumb Code   110  comp.o(i.HAL_COMP_MspInit)
    HAL_DMA_IRQHandler                       0x000019d9   Thumb Code   104  hal_dma.o(i.HAL_DMA_IRQHandler)
    HAL_EFlash_Init                          0x00001a49   Thumb Code    12  hal_eflash.o(i.HAL_EFlash_Init)
    HAL_EFlash_Init_Para                     0x00001a55   Thumb Code   104  hal_eflash_ex.o(i.HAL_EFlash_Init_Para)
    HAL_EXTI_SetConfigLine                   0x00001ac9   Thumb Code   284  hal_exti.o(i.HAL_EXTI_SetConfigLine)
    HAL_GPIO_Init                            0x00001bf5   Thumb Code   920  hal_gpio.o(i.HAL_GPIO_Init)
    HAL_GPIO_ReadPin                         0x00001fad   Thumb Code    62  hal_gpio.o(i.HAL_GPIO_ReadPin)
    HAL_GPIO_WritePin                        0x00001ff5   Thumb Code   114  hal_gpio.o(i.HAL_GPIO_WritePin)
    HAL_SPI_IRQHandler                       0x00002071   Thumb Code   810  hal_spi.o(i.HAL_SPI_IRQHandler)
    HAL_SPI_Init                             0x000023ad   Thumb Code   362  hal_spi.o(i.HAL_SPI_Init)
    HAL_SPI_MspInit                          0x00002525   Thumb Code    76  spi.o(i.HAL_SPI_MspInit)
    HAL_SPI_Transmit                         0x00002579   Thumb Code   354  hal_spi.o(i.HAL_SPI_Transmit)
    HAL_TIMER_Base_Init                      0x000026e5   Thumb Code   292  hal_timer.o(i.HAL_TIMER_Base_Init)
    HAL_TIMER_Base_Start                     0x00002825   Thumb Code    62  hal_timer.o(i.HAL_TIMER_Base_Start)
    HAL_TIMER_MSP_Init                       0x00002871   Thumb Code   344  hal_timer.o(i.HAL_TIMER_MSP_Init)
    HAL_TIMER_Output_Config                  0x000029e9   Thumb Code  1054  hal_timer.o(i.HAL_TIMER_Output_Config)
    HAL_TIM_PWM_Output_Start                 0x00002e09   Thumb Code   408  hal_timer.o(i.HAL_TIM_PWM_Output_Start)
    HAL_UART_IRQHandler                      0x00002fb9   Thumb Code   594  hal_uart.o(i.HAL_UART_IRQHandler)
    HAL_UART_Init                            0x00003219   Thumb Code   266  hal_uart.o(i.HAL_UART_Init)
    HAL_UART_MspInit                         0x0000333d   Thumb Code   126  uart.o(i.HAL_UART_MspInit)
    HAL_UART_Receive                         0x000033c5   Thumb Code   170  hal_uart.o(i.HAL_UART_Receive)
    HAL_UART_Receive_IT                      0x00003481   Thumb Code   208  hal_uart.o(i.HAL_UART_Receive_IT)
    HAL_UART_RxCpltCallback                  0x0000355d   Thumb Code   122  uart.o(i.HAL_UART_RxCpltCallback)
    HAL_UART_Transmit                        0x000035f5   Thumb Code   128  hal_uart.o(i.HAL_UART_Transmit)
    HAL_UART_TxCpltCallback                  0x00003681   Thumb Code    12  uart.o(i.HAL_UART_TxCpltCallback)
    HardFault_Handler                        0x000036cd   Thumb Code     4  system_acm32f0x0.o(i.HardFault_Handler)
    IIC_Ack                                  0x000036d1   Thumb Code    56  24cxx.o(i.IIC_Ack)
    IIC_NAck                                 0x00003709   Thumb Code    56  24cxx.o(i.IIC_NAck)
    IIC_Read_Byte                            0x00003741   Thumb Code    88  24cxx.o(i.IIC_Read_Byte)
    IIC_Send_Byte                            0x00003799   Thumb Code   102  24cxx.o(i.IIC_Send_Byte)
    IIC_Start                                0x000037ff   Thumb Code    56  24cxx.o(i.IIC_Start)
    IIC_Stop                                 0x00003837   Thumb Code    56  24cxx.o(i.IIC_Stop)
    IIC_Wait_Ack                             0x0000386f   Thumb Code    80  24cxx.o(i.IIC_Wait_Ack)
    LCD_Clear                                0x000038c1   Thumb Code    96  lcd.o(i.LCD_Clear)
    LCD_Dischar                              0x00003925   Thumb Code   422  lcd.o(i.LCD_Dischar)
    LCD_DispHZ                               0x00003ad5   Thumb Code   400  lcd.o(i.LCD_DispHZ)
    LCD_DispPic                              0x00003c75   Thumb Code    38  lcd.o(i.LCD_DispPic)
    LCD_DrawPoint                            0x00003c9d   Thumb Code    28  lcd.o(i.LCD_DrawPoint)
    LCD_DrawStraightLine                     0x00003cbd   Thumb Code    80  lcd.o(i.LCD_DrawStraightLine)
    LCD_Fill                                 0x00003d0d   Thumb Code   196  lcd.o(i.LCD_Fill)
    LCD_Init                                 0x00003dd1   Thumb Code   538  lcd.o(i.LCD_Init)
    LCD_SetCursor                            0x00003ff5   Thumb Code    84  lcd.o(i.LCD_SetCursor)
    LCD_Set_Window                           0x0000404d   Thumb Code    96  lcd.o(i.LCD_Set_Window)
    LCD_ShowString                           0x000040b1   Thumb Code    62  lcd.o(i.LCD_ShowString)
    LCD_WR_DATA                              0x000040f1   Thumb Code    56  lcd.o(i.LCD_WR_DATA)
    LCD_WR_REG                               0x0000412d   Thumb Code    56  lcd.o(i.LCD_WR_REG)
    LCD_WriteRAM                             0x00004169   Thumb Code    66  lcd.o(i.LCD_WriteRAM)
    LCD_WriteRAM_Prepare                     0x000041b1   Thumb Code    12  lcd.o(i.LCD_WriteRAM_Prepare)
    LCD_WriteRAMstr                          0x000041c1   Thumb Code    54  lcd.o(i.LCD_WriteRAMstr)
    PWM_init                                 0x00004379   Thumb Code   128  pwm.o(i.PWM_init)
    PWM_set_duty                             0x0000440d   Thumb Code    22  pwm.o(i.PWM_set_duty)
    RTC_Bcd2ToByte                           0x00004423   Thumb Code    24  rtc.o(i.RTC_Bcd2ToByte)
    RTC_ByteToBcd2                           0x0000443b   Thumb Code    28  rtc.o(i.RTC_ByteToBcd2)
    RTC_GetDate                              0x00004457   Thumb Code    92  rtc.o(i.RTC_GetDate)
    RTC_GetTime                              0x000044b3   Thumb Code   170  rtc.o(i.RTC_GetTime)
    RTC_Init                                 0x0000455d   Thumb Code    72  rtc.o(i.RTC_Init)
    RTC_SetDate                              0x000045ad   Thumb Code   100  rtc.o(i.RTC_SetDate)
    RTC_SetTime                              0x00004611   Thumb Code   130  rtc.o(i.RTC_SetTime)
    RTC_read_reg                             0x00004693   Thumb Code   160  rtc.o(i.RTC_read_reg)
    RTC_write_reg                            0x00004733   Thumb Code    80  rtc.o(i.RTC_write_reg)
    Readpara                                 0x00004785   Thumb Code   126  main.o(i.Readpara)
    SPI2_IRQHandler                          0x00004815   Thumb Code    10  spi.o(i.SPI2_IRQHandler)
    SPI_Init                                 0x00004825   Thumb Code    32  spi.o(i.SPI_Init)
    SYS_Param_Init                           0x0000484d   Thumb Code    80  24cxx.o(i.SYS_Param_Init)
    SysTick_Handler                          0x000048a1   Thumb Code    12  system_acm32f0x0.o(i.SysTick_Handler)
    System_Clock_config                      0x000048b1   Thumb Code   360  sys.o(i.System_Clock_config)
    System_Delay                             0x00004a35   Thumb Code    16  system_acm32f0x0.o(i.System_Delay)
    System_Get_APBClock                      0x00004a45   Thumb Code     6  system_acm32f0x0.o(i.System_Get_APBClock)
    System_Get_Clk_Source                    0x00004a51   Thumb Code     6  system_acm32f0x0.o(i.System_Get_Clk_Source)
    System_Init                              0x00004a5d   Thumb Code    52  system_acm32f0x0.o(i.System_Init)
    System_Module_Enable                     0x00004a99   Thumb Code    48  system_acm32f0x0.o(i.System_Module_Enable)
    System_Module_Reset                      0x00004acd   Thumb Code    40  system_acm32f0x0.o(i.System_Module_Reset)
    System_Set_Buzzer_Divider                0x00004af9   Thumb Code    50  system_acm32f0x0.o(i.System_Set_Buzzer_Divider)
    System_SysTick_Init                      0x00004b35   Thumb Code    60  system_acm32f0x0.o(i.System_SysTick_Init)
    TIM14_IRQHandler                         0x00004b81   Thumb Code    56  timer.o(i.TIM14_IRQHandler)
    TIM14_Init                               0x00004bc9   Thumb Code    70  timer.o(i.TIM14_Init)
    TIM3_MSP_Post_Init                       0x00004c1d   Thumb Code    28  pwm.o(i.TIM3_MSP_Post_Init)
    TIM3_PWM_Init                            0x00004c39   Thumb Code    34  pwm.o(i.TIM3_PWM_Init)
    TIM6_IRQHandler                          0x00004c61   Thumb Code    26  timer.o(i.TIM6_IRQHandler)
    TIM6_Init                                0x00004c81   Thumb Code    70  timer.o(i.TIM6_Init)
    TIM6_update_cb                           0x00004cd9   Thumb Code    76  timer.o(i.TIM6_update_cb)
    TKEY_IRQHandler                          0x00004d3d   Thumb Code     8  hal_tkey.o(i.TKEY_IRQHandler)
    TimeGetDate                              0x00004d4d   Thumb Code   462  main.o(i.TimeGetDate)
    U32ToU8                                  0x00004f29   Thumb Code    20  hlw8112.o(i.U32ToU8)
    UART1_IRQHandler                         0x00004f3d   Thumb Code    10  uart.o(i.UART1_IRQHandler)
    UART2_IRQHandler                         0x00004f4d   Thumb Code    22  uart.o(i.UART2_IRQHandler)
    Uart1_Init                               0x00005041   Thumb Code    42  uart.o(i.Uart1_Init)
    __0sprintf                               0x00005075   Thumb Code    36  printfa.o(i.__0sprintf)
    __1sprintf                               0x00005075   Thumb Code     0  printfa.o(i.__0sprintf)
    __2sprintf                               0x00005075   Thumb Code     0  printfa.o(i.__0sprintf)
    __c89sprintf                             0x00005075   Thumb Code     0  printfa.o(i.__0sprintf)
    sprintf                                  0x00005075   Thumb Code     0  printfa.o(i.__0sprintf)
    __ARM_clz                                0x0000509d   Thumb Code    46  depilogue.o(i.__ARM_clz)
    __ARM_common_switch8                     0x000050cb   Thumb Code    28  hal_adc.o(i.__ARM_common_switch8)
    __scatterload_copy                       0x000050e7   Thumb Code    14  handlers.o(i.__scatterload_copy)
    __scatterload_null                       0x000050f5   Thumb Code     2  handlers.o(i.__scatterload_null)
    __scatterload_zeroinit                   0x000050f7   Thumb Code    14  handlers.o(i.__scatterload_zeroinit)
    adc_init                                 0x000059c1   Thumb Code   110  adc.o(i.adc_init)
    audio_data0                              0x00005a3d   Thumb Code    40  audio.o(i.audio_data0)
    audio_data1                              0x00005a69   Thumb Code    40  audio.o(i.audio_data1)
    audio_init                               0x00005a95   Thumb Code    72  audio.o(i.audio_init)
    audio_start                              0x00005ae1   Thumb Code    40  audio.o(i.audio_start)
    bsp_init                                 0x00005b0d   Thumb Code   284  bsp.o(i.bsp_init)
    cal_ram                                  0x00005c39   Thumb Code    92  lcd.o(i.cal_ram)
    comp_get_level                           0x00005c95   Thumb Code    42  comp.o(i.comp_get_level)
    delay_US                                 0x00005cc9   Thumb Code    18  delay.o(i.delay_US)
    delay_ms                                 0x00005cdd   Thumb Code    20  delay.o(i.delay_ms)
    delay_us                                 0x00005cf5   Thumb Code    16  delay.o(i.delay_us)
    display_charging                         0x00005d05   Thumb Code   100  display.o(i.display_charging)
    display_currentmode                      0x00005d71   Thumb Code   156  display.o(i.display_currentmode)
    display_main                             0x00005e21   Thumb Code   114  display.o(i.display_main)
    display_minstartcharge                   0x00005ea9   Thumb Code   474  display.o(i.display_minstartcharge)
    display_pic_car                          0x000060ad   Thumb Code    20  display.o(i.display_pic_car)
    display_pic_leak                         0x000060c5   Thumb Code   108  display.o(i.display_pic_leak)
    display_pic_logo                         0x00006139   Thumb Code    60  display.o(i.display_pic_logo)
    display_pic_noearth                      0x0000617d   Thumb Code   204  display.o(i.display_pic_noearth)
    display_pic_overtemp                     0x00006251   Thumb Code   108  display.o(i.display_pic_overtemp)
    display_plugT                            0x000062c5   Thumb Code   194  display.o(i.display_plugT)
    display_realE                            0x00006399   Thumb Code   158  display.o(i.display_realE)
    display_realI                            0x0000644d   Thumb Code   198  display.o(i.display_realI)
    display_realP                            0x00006531   Thumb Code   168  display.o(i.display_realP)
    display_realV                            0x000065e9   Thumb Code   158  display.o(i.display_realV)
    display_reservemode                      0x00006699   Thumb Code   100  display.o(i.display_reservemode)
    display_reservesuccess                   0x00006705   Thumb Code   100  display.o(i.display_reservesuccess)
    display_set_calender                     0x00006771   Thumb Code  1274  display.o(i.display_set_calender)
    display_statusbar                        0x00006c79   Thumb Code   246  display.o(i.display_statusbar)
    display_waitcharg                        0x00006d99   Thumb Code   100  display.o(i.display_waitcharg)
    get_nsum                                 0x00006e05   Thumb Code    30  hlw8112.o(i.get_nsum)
    get_temp_mcu                             0x00006e25   Thumb Code   220  adc.o(i.get_temp_mcu)
    get_temp_plug                            0x00006f35   Thumb Code   220  adc.o(i.get_temp_plug)
    hlw8112_R_reg                            0x00007045   Thumb Code    90  hlw8112.o(i.hlw8112_R_reg)
    hlw8112_W_reg                            0x000070ad   Thumb Code    96  hlw8112.o(i.hlw8112_W_reg)
    hlw8112_check_para                       0x00007115   Thumb Code   168  hlw8112.o(i.hlw8112_check_para)
    hlw8112_diswrite                         0x000071c5   Thumb Code    34  hlw8112.o(i.hlw8112_diswrite)
    hlw8112_enwrite                          0x000071f1   Thumb Code    34  hlw8112.o(i.hlw8112_enwrite)
    hlw8112_get_RmsIA                        0x0000721d   Thumb Code   138  hlw8112.o(i.hlw8112_get_RmsIA)
    hlw8112_get_RmsIB                        0x000072b9   Thumb Code   122  hlw8112.o(i.hlw8112_get_RmsIB)
    hlw8112_get_RmsP                         0x00007345   Thumb Code   162  hlw8112.o(i.hlw8112_get_RmsP)
    hlw8112_get_RmsU                         0x000073fd   Thumb Code   138  hlw8112.o(i.hlw8112_get_RmsU)
    hlw8112_get_ufre                         0x0000749d   Thumb Code    46  hlw8112.o(i.hlw8112_get_ufre)
    hlw8112_init                             0x000074d1   Thumb Code    86  hlw8112.o(i.hlw8112_init)
    hlw8112_special_cmd                      0x00007539   Thumb Code    38  hlw8112.o(i.hlw8112_special_cmd)
    key_Init                                 0x00007569   Thumb Code    46  key.o(i.key_Init)
    key_handle                               0x00007599   Thumb Code  1656  main.o(i.key_handle)
    key_scan                                 0x00007c2d   Thumb Code   196  key.o(i.key_scan)
    ln                                       0x00007cf1   Thumb Code   244  adc.o(i.ln)
    main                                     0x00007df1   Thumb Code   728  main.o(i.main)
    pic_earth                                0x00008115   Thumb Code  1288  lcd.o(i.pic_earth)
    pic_protect                              0x00008621   Thumb Code  1448  lcd.o(i.pic_protect)
    play_audio                               0x00008bc9   Thumb Code    46  audio.o(i.play_audio)
    rtc_read_byte                            0x00008bf9   Thumb Code    74  rtc.o(i.rtc_read_byte)
    rtc_write_byte                           0x00008c49   Thumb Code    88  rtc.o(i.rtc_write_byte)
    pwm_duty                                 0x00008ca0   Data           8  main.o(.constdata)
    audio_current                            0x00008ca8   Data           4  main.o(.constdata)
    res_time                                 0x00008cac   Data          50  main.o(.constdata)
    ascll_1206                               0x00008cde   Data        1140  lcd.o(.constdata)
    ascll_1608                               0x00009152   Data        1520  lcd.o(.constdata)
    ascll_2412                               0x00009742   Data           1  lcd.o(.constdata)
    ascll_3216                               0x00009743   Data           1  lcd.o(.constdata)
    ascll_6432                               0x00009744   Data           1  lcd.o(.constdata)
    HZ_12                                    0x00009745   Data         864  lcd.o(.constdata)
    HZ_16                                    0x00009aa5   Data         448  lcd.o(.constdata)
    HZ_14                                    0x00009c65   Data          56  lcd.o(.constdata)
    HZ_20                                    0x00009c9d   Data         840  lcd.o(.constdata)
    Region$$Table$$Base                      0x0000a00c   Number         0  anon$$obj.o(Region$$Table)
    Region$$Table$$Limit                     0x0000a02c   Number         0  anon$$obj.o(Region$$Table)
    gu32_SystemClock                         0x20000000   Data           4  system_acm32f0x0.o(.data)
    gu32_APBClock                            0x20000004   Data           4  system_acm32f0x0.o(.data)
    gu32_Clocksrc                            0x20000008   Data           4  system_acm32f0x0.o(.data)
    Reset_Reason_Save                        0x2000000c   Data           1  system_acm32f0x0.o(.data)
    gu32_SystemCount                         0x20000010   Data           4  system_acm32f0x0.o(.data)
    lu32_ReceiveTimeOut                      0x20000014   Data           4  hal_spi.o(.data)
    lu32_TX_DMA_TimeOut                      0x20000018   Data           4  hal_spi.o(.data)
    Uart_Debug                               0x2000001c   Data           4  hal_uart.o(.data)
    earth_count                              0x20000020   Data           2  main.o(.data)
    work_mode                                0x20000022   Data           1  main.o(.data)
    reser_time                               0x20000024   Data           4  main.o(.data)
    key_val                                  0x20000028   Data           1  main.o(.data)
    run_timers                               0x20000029   Data           1  main.o(.data)
    bmp_flag                                 0x2000002a   Data           2  main.o(.data)
    menu_level                               0x2000002c   Data           1  main.o(.data)
    menu_one                                 0x2000002d   Data           1  main.o(.data)
    menu_two                                 0x2000002e   Data           1  main.o(.data)
    SET_date                                 0x2000002f   Data           3  main.o(.data)
    SET_time                                 0x20000032   Data           3  main.o(.data)
    wait_date                                0x20000035   Data           3  main.o(.data)
    wait_time                                0x20000038   Data           3  main.o(.data)
    adc_p                                    0x2000003b   Data           1  main.o(.data)
    test                                     0x2000003c   Data           4  main.o(.data)
    temp                                     0x20000040   Data           7  main.o(.data)
    menu_index                               0x20000047   Data           1  main.o(.data)
    gImage_logo                              0x20000048   Data        1320  lcd.o(.data)
    arxbuf                                   0x20000570   Data           1  uart.o(.data)
    RTC_data                                 0x20000572   Data           3  rtc.o(.data)
    RTC_time                                 0x20000575   Data           3  rtc.o(.data)
    timer                                    0x20000578   Data           7  rtc.o(.data)
    adc_buffer                               0x20000588   Data           8  adc.o(.data)
    INT_1S                                   0x20000590   Data           1  timer.o(.data)
    TICK                                     0x20000594   Data           4  timer.o(.data)
    Timer_Update_Flag                        0x20000598   Data           4  timer.o(.data)
    refresh_screen                           0x2000059c   Data           1  timer.o(.data)
    count_100s                               0x2000059d   Data           1  timer.o(.data)
    BT_REC_LEN                               0x2000059e   Data           1  bt.o(.data)
    Fcolor                                   0x200005a0   Data           2  display.o(.data)
    Bcolor                                   0x200005a2   Data           2  display.o(.data)
    gImage_car                               0x200005a4   Data       12064  car.o(.data)
    Realdata                                 0x200034c4   Data          36  main.o(.bss)
    earth_timer                              0x200034e8   Data          10  main.o(.bss)
    datetime                                 0x200034f2   Data          12  main.o(.bss)
    hexit8                                   0x20003500   Data          16  bsp.o(.bss)
    hexit11                                  0x20003510   Data          16  bsp.o(.bss)
    hexit12                                  0x20003520   Data          16  bsp.o(.bss)
    lcddev                                   0x20003530   Data          10  lcd.o(.bss)
    hspi2                                    0x2000353c   Data          64  spi.o(.bss)
    DMA_SPIT_Handle                          0x2000357c   Data          40  spi.o(.bss)
    huart1                                   0x200035a4   Data          72  uart.o(.bss)
    huart2                                   0x200035ec   Data          72  uart.o(.bss)
    uart2_Rxbuf                              0x20003634   Data          64  uart.o(.bss)
    ADC_Handle                               0x20003674   Data          88  adc.o(.bss)
    Dma_Adc_Handle                           0x200036cc   Data          40  adc.o(.bss)
    htim3                                    0x200036f4   Data          56  pwm.o(.bss)
    htim6                                    0x2000372c   Data          56  timer.o(.bss)
    htim14                                   0x20003764   Data          56  timer.o(.bss)
    COMP1_Handle                             0x2000379c   Data          64  comp.o(.bss)
    COMP2_Handle                             0x200037dc   Data          64  comp.o(.bss)
    BT_rxbuf                                 0x2000381c   Data          64  bt.o(.bss)
    hlw8112_para                             0x2000385c   Data          18  hlw8112.o(.bss)
    __initial_sp                             0x20004070   Data           0  startup_acm32f0x0.o(STACK)



==============================================================================

Memory Map of the image

  Image Entry point : 0x000000c1

  Load Region LR_IROM1 (Base: 0x00000000, Size: 0x0000d4f0, Max: 0x00040000, ABSOLUTE, COMPRESSED[0x0000a30c])

    Execution Region ER_IROM1 (Exec base: 0x00000000, Load base: 0x00000000, Size: 0x0000a02c, Max: 0x00040000, ABSOLUTE)

    Exec Addr    Load Addr    Size         Type   Attr      Idx    E Section Name        Object

    0x00000000   0x00000000   0x000000c0   Data   RO            3    RESET               startup_acm32f0x0.o
    0x000000c0   0x000000c0   0x00000000   Code   RO         3838  * .ARM.Collect$$$$00000000  mc_p.l(entry.o)
    0x000000c0   0x000000c0   0x00000004   Code   RO         4148    .ARM.Collect$$$$00000001  mc_p.l(entry2.o)
    0x000000c4   0x000000c4   0x00000004   Code   RO         4151    .ARM.Collect$$$$00000004  mc_p.l(entry5.o)
    0x000000c8   0x000000c8   0x00000000   Code   RO         4153    .ARM.Collect$$$$00000008  mc_p.l(entry7b.o)
    0x000000c8   0x000000c8   0x00000000   Code   RO         4155    .ARM.Collect$$$$0000000A  mc_p.l(entry8b.o)
    0x000000c8   0x000000c8   0x00000008   Code   RO         4156    .ARM.Collect$$$$0000000B  mc_p.l(entry9a.o)
    0x000000d0   0x000000d0   0x00000004   Code   RO         4163    .ARM.Collect$$$$0000000E  mc_p.l(entry12b.o)
    0x000000d4   0x000000d4   0x00000000   Code   RO         4158    .ARM.Collect$$$$0000000F  mc_p.l(entry10a.o)
    0x000000d4   0x000000d4   0x00000000   Code   RO         4160    .ARM.Collect$$$$00000011  mc_p.l(entry11a.o)
    0x000000d4   0x000000d4   0x00000004   Code   RO         4149    .ARM.Collect$$$$00002712  mc_p.l(entry2.o)
    0x000000d8   0x000000d8   0x00000018   Code   RO            4    .text               startup_acm32f0x0.o
    0x000000f0   0x000000f0   0x0000002c   Code   RO         3841    .text               mc_p.l(uidiv.o)
    0x0000011c   0x0000011c   0x00000028   Code   RO         3843    .text               mc_p.l(idiv.o)
    0x00000144   0x00000144   0x00000060   Code   RO         3845    .text               mc_p.l(uldiv.o)
    0x000001a4   0x000001a4   0x0000007a   Code   RO         3847    .text               mc_p.l(llmul.o)
    0x0000021e   0x0000021e   0x00000024   Code   RO         3849    .text               mc_p.l(memcpya.o)
    0x00000242   0x00000242   0x00000024   Code   RO         3851    .text               mc_p.l(memseta.o)
    0x00000266   0x00000266   0x000000b2   Code   RO         4116    .text               mf_p.l(fadd.o)
    0x00000318   0x00000318   0x0000007a   Code   RO         4118    .text               mf_p.l(fmul.o)
    0x00000392   0x00000392   0x0000007c   Code   RO         4120    .text               mf_p.l(fdiv.o)
    0x0000040e   0x0000040e   0x00000002   PAD
    0x00000410   0x00000410   0x00000168   Code   RO         4122    .text               mf_p.l(dadd.o)
    0x00000578   0x00000578   0x000000d0   Code   RO         4124    .text               mf_p.l(dmul.o)
    0x00000648   0x00000648   0x000000f0   Code   RO         4126    .text               mf_p.l(ddiv.o)
    0x00000738   0x00000738   0x0000000e   Code   RO         4128    .text               mf_p.l(ffltui.o)
    0x00000746   0x00000746   0x00000002   PAD
    0x00000748   0x00000748   0x00000028   Code   RO         4130    .text               mf_p.l(dflti.o)
    0x00000770   0x00000770   0x0000001c   Code   RO         4132    .text               mf_p.l(dfltui.o)
    0x0000078c   0x0000078c   0x00000028   Code   RO         4136    .text               mf_p.l(f2d.o)
    0x000007b4   0x000007b4   0x00000028   Code   RO         4138    .text               mf_p.l(cdcmple.o)
    0x000007dc   0x000007dc   0x00000028   Code   RO         4140    .text               mf_p.l(cdrcmple.o)
    0x00000804   0x00000804   0x00000038   Code   RO         4142    .text               mf_p.l(d2f.o)
    0x0000083c   0x0000083c   0x00000014   Code   RO         4144    .text               mf_p.l(cfcmple.o)
    0x00000850   0x00000850   0x00000014   Code   RO         4146    .text               mf_p.l(cfrcmple.o)
    0x00000864   0x00000864   0x00000020   Code   RO         4165    .text               mc_p.l(llshl.o)
    0x00000884   0x00000884   0x00000022   Code   RO         4167    .text               mc_p.l(llushr.o)
    0x000008a6   0x000008a6   0x00000026   Code   RO         4169    .text               mc_p.l(llsshr.o)
    0x000008cc   0x000008cc   0x00000000   Code   RO         4171    .text               mc_p.l(iusefp.o)
    0x000008cc   0x000008cc   0x00000082   Code   RO         4172    .text               mf_p.l(fepilogue.o)
    0x0000094e   0x0000094e   0x000000be   Code   RO         4174    .text               mf_p.l(depilogue.o)
    0x00000a0c   0x00000a0c   0x00000040   Code   RO         4178    .text               mf_p.l(dfixul.o)
    0x00000a4c   0x00000a4c   0x00000024   Code   RO         4180    .text               mc_p.l(init.o)
    0x00000a70   0x00000a70   0x00000060   Code   RO         4190    .text               mc_p.l(__dclz77c.o)
    0x00000ad0   0x00000ad0   0x00000014   Code   RO         3052    i.ADC_IRQHandler    adc.o
    0x00000ae4   0x00000ae4   0x0000003c   Code   RO         2810    i.AT24CXX_Init      24cxx.o
    0x00000b20   0x00000b20   0x0000003c   Code   RO         2813    i.AT24CXX_ReadOneByte  24cxx.o
    0x00000b5c   0x00000b5c   0x00000034   Code   RO         2816    i.AT24CXX_WriteOneByte  24cxx.o
    0x00000b90   0x00000b90   0x0000003c   Code   RO         3286    i.COMP_Init         comp.o
    0x00000bcc   0x00000bcc   0x00000010   Code   RO         3024    i.DMA_IRQHandler    sys.o
    0x00000bdc   0x00000bdc   0x000000a2   Code   RO         2472    i.Draw_Circle       lcd.o
    0x00000c7e   0x00000c7e   0x00000002   PAD
    0x00000c80   0x00000c80   0x0000007c   Code   RO         3357    i.EXTI_IRQHandler   key.o
    0x00000cfc   0x00000cfc   0x000003d8   Code   RO          326    i.HAL_ADC_ConfigChannel  hal_adc.o
    0x000010d4   0x000010d4   0x0000012c   Code   RO          329    i.HAL_ADC_IRQHandler  hal_adc.o
    0x00001200   0x00001200   0x000002f0   Code   RO          330    i.HAL_ADC_Init      hal_adc.o
    0x000014f0   0x000014f0   0x0000004c   Code   RO         3056    i.HAL_ADC_MspInit   adc.o
    0x0000153c   0x0000153c   0x000000ce   Code   RO          337    i.HAL_ADC_Polling   hal_adc.o
    0x0000160a   0x0000160a   0x00000002   PAD
    0x0000160c   0x0000160c   0x00000070   Code   RO          338    i.HAL_ADC_Start     hal_adc.o
    0x0000167c   0x0000167c   0x00000050   Code   RO          341    i.HAL_ADC_Stop      hal_adc.o
    0x000016cc   0x000016cc   0x00000058   Code   RO          647    i.HAL_COMP_GetOutputLevel  hal_comp.o
    0x00001724   0x00001724   0x00000244   Code   RO          648    i.HAL_COMP_Init     hal_comp.o
    0x00001968   0x00001968   0x0000006e   Code   RO         3288    i.HAL_COMP_MspInit  comp.o
    0x000019d6   0x000019d6   0x00000002   PAD
    0x000019d8   0x000019d8   0x00000070   Code   RO         1882    i.HAL_DMA_IRQHandler  hal_dma.o
    0x00001a48   0x00001a48   0x0000000c   Code   RO         1965    i.HAL_EFlash_Init   hal_eflash.o
    0x00001a54   0x00001a54   0x00000074   Code   RO         3702    i.HAL_EFlash_Init_Para  HAL_EFlash_EX.lib(hal_eflash_ex.o)
    0x00001ac8   0x00001ac8   0x0000012c   Code   RO          771    i.HAL_EXTI_SetConfigLine  hal_exti.o
    0x00001bf4   0x00001bf4   0x000003b8   Code   RO         1999    i.HAL_GPIO_Init     hal_gpio.o
    0x00001fac   0x00001fac   0x00000048   Code   RO         2000    i.HAL_GPIO_ReadPin  hal_gpio.o
    0x00001ff4   0x00001ff4   0x0000007c   Code   RO         2001    i.HAL_GPIO_WritePin  hal_gpio.o
    0x00002070   0x00002070   0x0000033c   Code   RO         1350    i.HAL_SPI_IRQHandler  hal_spi.o
    0x000023ac   0x000023ac   0x00000178   Code   RO         1351    i.HAL_SPI_Init      hal_spi.o
    0x00002524   0x00002524   0x00000054   Code   RO         2663    i.HAL_SPI_MspInit   spi.o
    0x00002578   0x00002578   0x0000016c   Code   RO         1357    i.HAL_SPI_Transmit  hal_spi.o
    0x000026e4   0x000026e4   0x00000140   Code   RO         1460    i.HAL_TIMER_Base_Init  hal_timer.o
    0x00002824   0x00002824   0x0000004c   Code   RO         1462    i.HAL_TIMER_Base_Start  hal_timer.o
    0x00002870   0x00002870   0x00000178   Code   RO         1467    i.HAL_TIMER_MSP_Init  hal_timer.o
    0x000029e8   0x000029e8   0x0000041e   Code   RO         1473    i.HAL_TIMER_Output_Config  hal_timer.o
    0x00002e06   0x00002e06   0x00000002   PAD
    0x00002e08   0x00002e08   0x000001b0   Code   RO         1480    i.HAL_TIM_PWM_Output_Start  hal_timer.o
    0x00002fb8   0x00002fb8   0x00000260   Code   RO         2053    i.HAL_UART_IRQHandler  hal_uart.o
    0x00003218   0x00003218   0x00000124   Code   RO         2054    i.HAL_UART_Init     hal_uart.o
    0x0000333c   0x0000333c   0x00000088   Code   RO         2717    i.HAL_UART_MspInit  uart.o
    0x000033c4   0x000033c4   0x000000bc   Code   RO         2057    i.HAL_UART_Receive  hal_uart.o
    0x00003480   0x00003480   0x000000dc   Code   RO         2059    i.HAL_UART_Receive_IT  hal_uart.o
    0x0000355c   0x0000355c   0x00000098   Code   RO         2718    i.HAL_UART_RxCpltCallback  uart.o
    0x000035f4   0x000035f4   0x0000008c   Code   RO         2061    i.HAL_UART_Transmit  hal_uart.o
    0x00003680   0x00003680   0x00000010   Code   RO         2719    i.HAL_UART_TxCpltCallback  uart.o
    0x00003690   0x00003690   0x0000003c   Code   RO         2065    i.HAL_UART_Wait_Tx_Done  hal_uart.o
    0x000036cc   0x000036cc   0x00000004   Code   RO           12    i.HardFault_Handler  system_acm32f0x0.o
    0x000036d0   0x000036d0   0x00000038   Code   RO         2817    i.IIC_Ack           24cxx.o
    0x00003708   0x00003708   0x00000038   Code   RO         2818    i.IIC_NAck          24cxx.o
    0x00003740   0x00003740   0x00000058   Code   RO         2819    i.IIC_Read_Byte     24cxx.o
    0x00003798   0x00003798   0x00000066   Code   RO         2820    i.IIC_Send_Byte     24cxx.o
    0x000037fe   0x000037fe   0x00000038   Code   RO         2821    i.IIC_Start         24cxx.o
    0x00003836   0x00003836   0x00000038   Code   RO         2822    i.IIC_Stop          24cxx.o
    0x0000386e   0x0000386e   0x00000050   Code   RO         2823    i.IIC_Wait_Ack      24cxx.o
    0x000038be   0x000038be   0x00000002   PAD
    0x000038c0   0x000038c0   0x00000064   Code   RO         2473    i.LCD_Clear         lcd.o
    0x00003924   0x00003924   0x000001b0   Code   RO         2475    i.LCD_Dischar       lcd.o
    0x00003ad4   0x00003ad4   0x000001a0   Code   RO         2476    i.LCD_DispHZ        lcd.o
    0x00003c74   0x00003c74   0x00000026   Code   RO         2479    i.LCD_DispPic       lcd.o
    0x00003c9a   0x00003c9a   0x00000002   PAD
    0x00003c9c   0x00003c9c   0x00000020   Code   RO         2481    i.LCD_DrawPoint     lcd.o
    0x00003cbc   0x00003cbc   0x00000050   Code   RO         2483    i.LCD_DrawStraightLine  lcd.o
    0x00003d0c   0x00003d0c   0x000000c4   Code   RO         2484    i.LCD_Fill          lcd.o
    0x00003dd0   0x00003dd0   0x00000224   Code   RO         2485    i.LCD_Init          lcd.o
    0x00003ff4   0x00003ff4   0x00000058   Code   RO         2486    i.LCD_SetCursor     lcd.o
    0x0000404c   0x0000404c   0x00000064   Code   RO         2487    i.LCD_Set_Window    lcd.o
    0x000040b0   0x000040b0   0x0000003e   Code   RO         2488    i.LCD_ShowString    lcd.o
    0x000040ee   0x000040ee   0x00000002   PAD
    0x000040f0   0x000040f0   0x0000003c   Code   RO         2489    i.LCD_WR_DATA       lcd.o
    0x0000412c   0x0000412c   0x0000003c   Code   RO         2490    i.LCD_WR_REG        lcd.o
    0x00004168   0x00004168   0x00000048   Code   RO         2491    i.LCD_WriteRAM      lcd.o
    0x000041b0   0x000041b0   0x00000010   Code   RO         2492    i.LCD_WriteRAM_Prepare  lcd.o
    0x000041c0   0x000041c0   0x0000003c   Code   RO         2493    i.LCD_WriteRAMstr   lcd.o
    0x000041fc   0x000041fc   0x00000014   Code   RO         1362    i.NVIC_ClearPendingIRQ  hal_spi.o
    0x00004210   0x00004210   0x00000014   Code   RO         1482    i.NVIC_ClearPendingIRQ  hal_timer.o
    0x00004224   0x00004224   0x00000014   Code   RO         2664    i.NVIC_ClearPendingIRQ  spi.o
    0x00004238   0x00004238   0x00000014   Code   RO         2720    i.NVIC_ClearPendingIRQ  uart.o
    0x0000424c   0x0000424c   0x00000014   Code   RO         3057    i.NVIC_ClearPendingIRQ  adc.o
    0x00004260   0x00004260   0x00000014   Code   RO         1484    i.NVIC_EnableIRQ    hal_timer.o
    0x00004274   0x00004274   0x00000014   Code   RO         2722    i.NVIC_EnableIRQ    uart.o
    0x00004288   0x00004288   0x00000078   Code   RO           13    i.NVIC_SetPriority  system_acm32f0x0.o
    0x00004300   0x00004300   0x00000078   Code   RO         2723    i.NVIC_SetPriority  uart.o
    0x00004378   0x00004378   0x00000094   Code   RO         3139    i.PWM_init          pwm.o
    0x0000440c   0x0000440c   0x00000016   Code   RO         3140    i.PWM_set_duty      pwm.o
    0x00004422   0x00004422   0x00000018   Code   RO         2926    i.RTC_Bcd2ToByte    rtc.o
    0x0000443a   0x0000443a   0x0000001c   Code   RO         2927    i.RTC_ByteToBcd2    rtc.o
    0x00004456   0x00004456   0x0000005c   Code   RO         2928    i.RTC_GetDate       rtc.o
    0x000044b2   0x000044b2   0x000000aa   Code   RO         2929    i.RTC_GetTime       rtc.o
    0x0000455c   0x0000455c   0x00000050   Code   RO         2930    i.RTC_Init          rtc.o
    0x000045ac   0x000045ac   0x00000064   Code   RO         2933    i.RTC_SetDate       rtc.o
    0x00004610   0x00004610   0x00000082   Code   RO         2934    i.RTC_SetTime       rtc.o
    0x00004692   0x00004692   0x000000a0   Code   RO         2935    i.RTC_read_reg      rtc.o
    0x00004732   0x00004732   0x00000050   Code   RO         2936    i.RTC_write_reg     rtc.o
    0x00004782   0x00004782   0x00000002   PAD
    0x00004784   0x00004784   0x00000090   Code   RO         2193    i.Readpara          main.o
    0x00004814   0x00004814   0x00000010   Code   RO         2665    i.SPI2_IRQHandler   spi.o
    0x00004824   0x00004824   0x00000028   Code   RO         2666    i.SPI_Init          spi.o
    0x0000484c   0x0000484c   0x00000054   Code   RO         2824    i.SYS_Param_Init    24cxx.o
    0x000048a0   0x000048a0   0x00000010   Code   RO           14    i.SysTick_Handler   system_acm32f0x0.o
    0x000048b0   0x000048b0   0x00000184   Code   RO         3025    i.System_Clock_config  sys.o
    0x00004a34   0x00004a34   0x00000010   Code   RO           17    i.System_Delay      system_acm32f0x0.o
    0x00004a44   0x00004a44   0x0000000c   Code   RO           28    i.System_Get_APBClock  system_acm32f0x0.o
    0x00004a50   0x00004a50   0x0000000c   Code   RO           29    i.System_Get_Clk_Source  system_acm32f0x0.o
    0x00004a5c   0x00004a5c   0x0000003c   Code   RO           31    i.System_Init       system_acm32f0x0.o
    0x00004a98   0x00004a98   0x00000034   Code   RO           34    i.System_Module_Enable  system_acm32f0x0.o
    0x00004acc   0x00004acc   0x0000002c   Code   RO           35    i.System_Module_Reset  system_acm32f0x0.o
    0x00004af8   0x00004af8   0x0000003c   Code   RO           39    i.System_Set_Buzzer_Divider  system_acm32f0x0.o
    0x00004b34   0x00004b34   0x0000004c   Code   RO           40    i.System_SysTick_Init  system_acm32f0x0.o
    0x00004b80   0x00004b80   0x00000048   Code   RO         3183    i.TIM14_IRQHandler  timer.o
    0x00004bc8   0x00004bc8   0x00000054   Code   RO         3184    i.TIM14_Init        timer.o
    0x00004c1c   0x00004c1c   0x0000001c   Code   RO         3141    i.TIM3_MSP_Post_Init  pwm.o
    0x00004c38   0x00004c38   0x00000028   Code   RO         3142    i.TIM3_PWM_Init     pwm.o
    0x00004c60   0x00004c60   0x00000020   Code   RO         3185    i.TIM6_IRQHandler   timer.o
    0x00004c80   0x00004c80   0x00000058   Code   RO         3186    i.TIM6_Init         timer.o
    0x00004cd8   0x00004cd8   0x00000064   Code   RO         3187    i.TIM6_update_cb    timer.o
    0x00004d3c   0x00004d3c   0x00000010   Code   RO         1677    i.TKEY_IRQHandler   hal_tkey.o
    0x00004d4c   0x00004d4c   0x000001dc   Code   RO         2194    i.TimeGetDate       main.o
    0x00004f28   0x00004f28   0x00000014   Code   RO         3396    i.U32ToU8           hlw8112.o
    0x00004f3c   0x00004f3c   0x00000010   Code   RO         2724    i.UART1_IRQHandler  uart.o
    0x00004f4c   0x00004f4c   0x00000020   Code   RO         2725    i.UART2_IRQHandler  uart.o
    0x00004f6c   0x00004f6c   0x000000d4   Code   RO         2066    i.UART_Config_BaudRate  hal_uart.o
    0x00005040   0x00005040   0x00000034   Code   RO         2726    i.Uart1_Init        uart.o
    0x00005074   0x00005074   0x00000028   Code   RO         4090    i.__0sprintf        mc_p.l(printfa.o)
    0x0000509c   0x0000509c   0x0000002e   Code   RO         4176    i.__ARM_clz         mf_p.l(depilogue.o)
    0x000050ca   0x000050ca   0x0000001c   Code   RO          454    i.__ARM_common_switch8  hal_adc.o
    0x000050e6   0x000050e6   0x0000000e   Code   RO         4184    i.__scatterload_copy  mc_p.l(handlers.o)
    0x000050f4   0x000050f4   0x00000002   Code   RO         4185    i.__scatterload_null  mc_p.l(handlers.o)
    0x000050f6   0x000050f6   0x0000000e   Code   RO         4186    i.__scatterload_zeroinit  mc_p.l(handlers.o)
    0x00005104   0x00005104   0x00000174   Code   RO         4095    i._fp_digits        mc_p.l(printfa.o)
    0x00005278   0x00005278   0x000006f0   Code   RO         4096    i._printf_core      mc_p.l(printfa.o)
    0x00005968   0x00005968   0x00000020   Code   RO         4097    i._printf_post_padding  mc_p.l(printfa.o)
    0x00005988   0x00005988   0x0000002c   Code   RO         4098    i._printf_pre_padding  mc_p.l(printfa.o)
    0x000059b4   0x000059b4   0x0000000a   Code   RO         4100    i._sputc            mc_p.l(printfa.o)
    0x000059be   0x000059be   0x00000002   PAD
    0x000059c0   0x000059c0   0x0000007c   Code   RO         3058    i.adc_init          adc.o
    0x00005a3c   0x00005a3c   0x0000002c   Code   RO         3239    i.audio_data0       audio.o
    0x00005a68   0x00005a68   0x0000002c   Code   RO         3240    i.audio_data1       audio.o
    0x00005a94   0x00005a94   0x0000004c   Code   RO         3241    i.audio_init        audio.o
    0x00005ae0   0x00005ae0   0x0000002c   Code   RO         3242    i.audio_start       audio.o
    0x00005b0c   0x00005b0c   0x0000012c   Code   RO         2398    i.bsp_init          bsp.o
    0x00005c38   0x00005c38   0x0000005c   Code   RO         2495    i.cal_ram           lcd.o
    0x00005c94   0x00005c94   0x00000034   Code   RO         3289    i.comp_get_level    comp.o
    0x00005cc8   0x00005cc8   0x00000012   Code   RO         2426    i.delay_US          delay.o
    0x00005cda   0x00005cda   0x00000002   PAD
    0x00005cdc   0x00005cdc   0x00000018   Code   RO         2427    i.delay_ms          delay.o
    0x00005cf4   0x00005cf4   0x00000010   Code   RO         2429    i.delay_us          delay.o
    0x00005d04   0x00005d04   0x0000006c   Code   RO         3524    i.display_charging  display.o
    0x00005d70   0x00005d70   0x000000b0   Code   RO         3525    i.display_currentmode  display.o
    0x00005e20   0x00005e20   0x00000088   Code   RO         3526    i.display_main      display.o
    0x00005ea8   0x00005ea8   0x00000204   Code   RO         3528    i.display_minstartcharge  display.o
    0x000060ac   0x000060ac   0x00000018   Code   RO         3530    i.display_pic_car   display.o
    0x000060c4   0x000060c4   0x00000074   Code   RO         3531    i.display_pic_leak  display.o
    0x00006138   0x00006138   0x00000044   Code   RO         3532    i.display_pic_logo  display.o
    0x0000617c   0x0000617c   0x000000d4   Code   RO         3533    i.display_pic_noearth  display.o
    0x00006250   0x00006250   0x00000074   Code   RO         3534    i.display_pic_overtemp  display.o
    0x000062c4   0x000062c4   0x000000d4   Code   RO         3535    i.display_plugT     display.o
    0x00006398   0x00006398   0x000000b4   Code   RO         3536    i.display_realE     display.o
    0x0000644c   0x0000644c   0x000000e4   Code   RO         3537    i.display_realI     display.o
    0x00006530   0x00006530   0x000000b8   Code   RO         3538    i.display_realP     display.o
    0x000065e8   0x000065e8   0x000000b0   Code   RO         3539    i.display_realV     display.o
    0x00006698   0x00006698   0x0000006c   Code   RO         3540    i.display_reservemode  display.o
    0x00006704   0x00006704   0x0000006c   Code   RO         3541    i.display_reservesuccess  display.o
    0x00006770   0x00006770   0x00000508   Code   RO         3542    i.display_set_calender  display.o
    0x00006c78   0x00006c78   0x00000120   Code   RO         3543    i.display_statusbar  display.o
    0x00006d98   0x00006d98   0x0000006c   Code   RO         3545    i.display_waitcharg  display.o
    0x00006e04   0x00006e04   0x0000001e   Code   RO         3397    i.get_nsum          hlw8112.o
    0x00006e22   0x00006e22   0x00000002   PAD
    0x00006e24   0x00006e24   0x00000110   Code   RO         3059    i.get_temp_mcu      adc.o
    0x00006f34   0x00006f34   0x00000110   Code   RO         3060    i.get_temp_plug     adc.o
    0x00007044   0x00007044   0x00000068   Code   RO         3398    i.hlw8112_R_reg     hlw8112.o
    0x000070ac   0x000070ac   0x00000068   Code   RO         3399    i.hlw8112_W_reg     hlw8112.o
    0x00007114   0x00007114   0x000000b0   Code   RO         3400    i.hlw8112_check_para  hlw8112.o
    0x000071c4   0x000071c4   0x0000002c   Code   RO         3401    i.hlw8112_diswrite  hlw8112.o
    0x000071f0   0x000071f0   0x0000002c   Code   RO         3402    i.hlw8112_enwrite   hlw8112.o
    0x0000721c   0x0000721c   0x0000009c   Code   RO         3404    i.hlw8112_get_RmsIA  hlw8112.o
    0x000072b8   0x000072b8   0x0000008c   Code   RO         3405    i.hlw8112_get_RmsIB  hlw8112.o
    0x00007344   0x00007344   0x000000b8   Code   RO         3406    i.hlw8112_get_RmsP  hlw8112.o
    0x000073fc   0x000073fc   0x000000a0   Code   RO         3407    i.hlw8112_get_RmsU  hlw8112.o
    0x0000749c   0x0000749c   0x00000034   Code   RO         3409    i.hlw8112_get_ufre  hlw8112.o
    0x000074d0   0x000074d0   0x00000068   Code   RO         3410    i.hlw8112_init      hlw8112.o
    0x00007538   0x00007538   0x00000030   Code   RO         3412    i.hlw8112_special_cmd  hlw8112.o
    0x00007568   0x00007568   0x0000002e   Code   RO         3358    i.key_Init          key.o
    0x00007596   0x00007596   0x00000002   PAD
    0x00007598   0x00007598   0x00000694   Code   RO         2195    i.key_handle        main.o
    0x00007c2c   0x00007c2c   0x000000c4   Code   RO         3359    i.key_scan          key.o
    0x00007cf0   0x00007cf0   0x00000100   Code   RO         3061    i.ln                adc.o
    0x00007df0   0x00007df0   0x00000324   Code   RO         2196    i.main              main.o
    0x00008114   0x00008114   0x0000050c   Code   RO         2496    i.pic_earth         lcd.o
    0x00008620   0x00008620   0x000005a8   Code   RO         2497    i.pic_protect       lcd.o
    0x00008bc8   0x00008bc8   0x0000002e   Code   RO         3243    i.play_audio        audio.o
    0x00008bf6   0x00008bf6   0x00000002   PAD
    0x00008bf8   0x00008bf8   0x00000050   Code   RO         2937    i.rtc_read_byte     rtc.o
    0x00008c48   0x00008c48   0x00000058   Code   RO         2938    i.rtc_write_byte    rtc.o
    0x00008ca0   0x00008ca0   0x0000003e   Data   RO         2198    .constdata          main.o
    0x00008cde   0x00008cde   0x00001307   Data   RO         2499    .constdata          lcd.o
    0x00009fe5   0x00009fe5   0x00000003   PAD
    0x00009fe8   0x00009fe8   0x00000022   Data   RO         3414    .constdata          hlw8112.o
    0x0000a00a   0x0000a00a   0x00000002   PAD
    0x0000a00c   0x0000a00c   0x00000020   Data   RO         4182    Region$$Table       anon$$obj.o


    Execution Region RW_IRAM1 (Exec base: 0x20000000, Load base: 0x0000a02c, Size: 0x00004070, Max: 0x00020000, ABSOLUTE, COMPRESSED[0x000002e0])

    Exec Addr    Load Addr    Size         Type   Attr      Idx    E Section Name        Object

    0x20000000   COMPRESSED   0x00000014   Data   RW           42    .data               system_acm32f0x0.o
    0x20000014   COMPRESSED   0x00000008   Data   RW         1363    .data               hal_spi.o
    0x2000001c   COMPRESSED   0x00000004   Data   RW         2068    .data               hal_uart.o
    0x20000020   COMPRESSED   0x00000028   Data   RW         2199    .data               main.o
    0x20000048   COMPRESSED   0x00000528   Data   RW         2500    .data               lcd.o
    0x20000570   COMPRESSED   0x00000002   Data   RW         2729    .data               uart.o
    0x20000572   COMPRESSED   0x0000000d   Data   RW         2939    .data               rtc.o
    0x2000057f   COMPRESSED   0x00000001   PAD
    0x20000580   COMPRESSED   0x00000010   Data   RW         3063    .data               adc.o
    0x20000590   COMPRESSED   0x0000000e   Data   RW         3189    .data               timer.o
    0x2000059e   COMPRESSED   0x00000001   Data   RW         3332    .data               bt.o
    0x2000059f   COMPRESSED   0x00000001   PAD
    0x200005a0   COMPRESSED   0x00000004   Data   RW         3546    .data               display.o
    0x200005a4   COMPRESSED   0x00002f20   Data   RW         3688    .data               car.o
    0x200034c4        -       0x0000003a   Zero   RW         2197    .bss                main.o
    0x200034fe   COMPRESSED   0x00000002   PAD
    0x20003500        -       0x00000030   Zero   RW         2399    .bss                bsp.o
    0x20003530        -       0x0000000a   Zero   RW         2498    .bss                lcd.o
    0x2000353a   COMPRESSED   0x00000002   PAD
    0x2000353c        -       0x00000068   Zero   RW         2667    .bss                spi.o
    0x200035a4        -       0x000000d0   Zero   RW         2728    .bss                uart.o
    0x20003674        -       0x00000080   Zero   RW         3062    .bss                adc.o
    0x200036f4        -       0x00000038   Zero   RW         3143    .bss                pwm.o
    0x2000372c        -       0x00000070   Zero   RW         3188    .bss                timer.o
    0x2000379c        -       0x00000080   Zero   RW         3290    .bss                comp.o
    0x2000381c        -       0x00000040   Zero   RW         3331    .bss                bt.o
    0x2000385c        -       0x00000012   Zero   RW         3413    .bss                hlw8112.o
    0x2000386e   COMPRESSED   0x00000002   PAD
    0x20003870        -       0x00000800   Zero   RW            1    STACK               startup_acm32f0x0.o


==============================================================================

Image component sizes


      Code (inc. data)   RO Data    RW Data    ZI Data      Debug   Object Name

       750         10          0          0          0       5360   24cxx.o
      1040        146          0         16        128       4581   adc.o
       254         16          0          0          0       2200   audio.o
       300         16          0          0         48        820   bsp.o
         0          0          0          1         64        454   bt.o
         0          0          0      12064          0        469   car.o
       222         22          0          0        128       1968   comp.o
        58          4          0          0          0       1265   delay.o
      4352        346          0          4          0       9720   display.o
      2462         32          0          0          0      11262   hal_adc.o
       668         10          0          0          0       1814   hal_comp.o
       112          8          0          0          0        921   hal_dma.o
        12          0          0          0          0        506   hal_eflash.o
       300         16          0          0          0       7609   hal_exti.o
      1148         52          0          0          0       3291   hal_gpio.o
      1588         48          0          8          0       3593   hal_spi.o
      2298        136          0          0          0       5319   hal_timer.o
        16          8          0          0          0        422   hal_tkey.o
      1720        106          0          4          0       5892   hal_uart.o
      1366        164         34          0         18       9604   hlw8112.o
       366          8          0          0          0       2164   key.o
      5354         84       4871       1320         10      16816   lcd.o
      3108        190         62         40         58       9704   main.o
       238         26          0          0         56       2207   pwm.o
      1032         14          0         13          0       7407   rtc.o
       160         28          0          0        104       2239   spi.o
        24          6        192          0       2048        680   startup_acm32f0x0.o
       404         32          0          0          0       1311   sys.o
       472         68          0         20          0      92811   system_acm32f0x0.o
       376         78          0         14        112       2789   timer.o
       564         92          0          2        208      10903   uart.o

    ----------------------------------------------------------------------
     30788       1766       5196      13508       2988     226101   Object Totals
         0          0         32          0          0          0   (incl. Generated)
        24          0          5          2          6          0   (incl. Padding)

    ----------------------------------------------------------------------

      Code (inc. data)   RO Data    RW Data    ZI Data      Debug   Library Member Name

       116         12          0          0          0      14435   hal_eflash_ex.o
        96          0          0          0          0          0   __dclz77c.o
         0          0          0          0          0          0   entry.o
         0          0          0          0          0          0   entry10a.o
         0          0          0          0          0          0   entry11a.o
         4          0          0          0          0          0   entry12b.o
         8          4          0          0          0          0   entry2.o
         4          0          0          0          0          0   entry5.o
         0          0          0          0          0          0   entry7b.o
         0          0          0          0          0          0   entry8b.o
         8          4          0          0          0          0   entry9a.o
        30          0          0          0          0          0   handlers.o
        40          0          0          0          0         72   idiv.o
        36          8          0          0          0         68   init.o
         0          0          0          0          0          0   iusefp.o
       122          0          0          0          0         84   llmul.o
        32          0          0          0          0         68   llshl.o
        38          0          0          0          0         68   llsshr.o
        34          0          0          0          0         68   llushr.o
        36          0          0          0          0         60   memcpya.o
        36          0          0          0          0        100   memseta.o
      2274         94          0          0          0        472   printfa.o
        44          0          0          0          0         72   uidiv.o
        96          0          0          0          0         84   uldiv.o
        40          2          0          0          0         68   cdcmple.o
        40          2          0          0          0         68   cdrcmple.o
        20          0          0          0          0         68   cfcmple.o
        20          0          0          0          0         68   cfrcmple.o
        56          0          0          0          0         68   d2f.o
       360          6          0          0          0        140   dadd.o
       240          6          0          0          0         84   ddiv.o
       236          0          0          0          0        216   depilogue.o
        64         10          0          0          0         68   dfixul.o
        40          6          0          0          0         68   dflti.o
        28          4          0          0          0         68   dfltui.o
       208          6          0          0          0         88   dmul.o
        40          0          0          0          0         60   f2d.o
       178          0          0          0          0        108   fadd.o
       124          0          0          0          0         72   fdiv.o
       130          0          0          0          0        144   fepilogue.o
        14          0          0          0          0         68   ffltui.o
       122          0          0          0          0         72   fmul.o

    ----------------------------------------------------------------------
      5020        164          0          0          0      17247   Library Totals
         6          0          0          0          0          0   (incl. Padding)

    ----------------------------------------------------------------------

      Code (inc. data)   RO Data    RW Data    ZI Data      Debug   Library Name

       116         12          0          0          0      14435   HAL_EFlash_EX.lib
      2938        110          0          0          0       1216   mc_p.l
      1960         42          0          0          0       1596   mf_p.l

    ----------------------------------------------------------------------
      5020        164          0          0          0      17247   Library Totals

    ----------------------------------------------------------------------

==============================================================================


      Code (inc. data)   RO Data    RW Data    ZI Data      Debug   

     35808       1930       5196      13508       2988     234784   Grand Totals
     35808       1930       5196        736       2988     234784   ELF Image Totals (compressed)
     35808       1930       5196        736          0          0   ROM Totals

==============================================================================

    Total RO  Size (Code + RO Data)                41004 (  40.04kB)
    Total RW  Size (RW Data + ZI Data)             16496 (  16.11kB)
    Total ROM Size (Code + RO Data + RW Data)      41740 (  40.76kB)

==============================================================================

